<html>
<body>
<pre>
<h1>µVision Build Log</h1>
<h2>Tool Versions:</h2>
IDE-Version: ¦ÌVision V5.24.2.0
Copyright (C) 2017 ARM Ltd and ARM Germany GmbH. All rights reserved.
License Information: 11 Microsoft, Microsoft, LIC=RC93N-YD9TJ-EV51R-K96QL-HZEPL-VYWC3
 
Tool Versions:
Toolchain:       MDK-ARM Plus  Version: 5.24.1
Toolchain Path:  D:\keil5\ARM\ARMCC\Bin
C Compiler:      Armcc.exe V5.06 update 5 (build 528)
Assembler:       Armasm.exe V5.06 update 5 (build 528)
Linker/Locator:  ArmLink.exe V5.06 update 5 (build 528)
Library Manager: ArmAr.exe V5.06 update 5 (build 528)
Hex Converter:   FromElf.exe V5.06 update 5 (build 528)
CPU DLL:         SARMCM3.DLL V5.24.1
Dialog DLL:      DCM.DLL V1.16.0.0
Target DLL:      STLink\ST-LINKIII-KEIL_SWO.dll V3.0.1.0
Dialog DLL:      TCM.DLL V1.32.0.0
 
<h2>Project:</h2>
D:\Desktop\watch_project\MDK-ARM\Watch_Project.uvprojx
Project File Date:  01/01/2026

<h2>Output:</h2>
*** Using Compiler 'V5.06 update 5 (build 528)', folder: 'D:\keil5\ARM\ARMCC\Bin'
Rebuild target 'Watch_Project'
assembling startup_stm32f103xb.s...
compiling i2c.c...
compiling adc.c...
compiling stm32f1xx_hal_msp.c...
compiling usart.c...
compiling app_adout.c...
..\Applications\app_about.h(10): warning:  #1-D: last line of file ends without a newline
  #endif
..\Modules\oled.h(17): warning:  #1295-D: Deprecated declaration OLED_Init - give arg types
  void OLED_Init();
..\Modules\oled.h(18): warning:  #1295-D: Deprecated declaration OLED_DisPlay_On - give arg types
  void OLED_DisPlay_On();
..\Modules\oled.h(19): warning:  #1295-D: Deprecated declaration OLED_DisPlay_Off - give arg types
  void OLED_DisPlay_Off();
..\Modules\oled.h(21): warning:  #1295-D: Deprecated declaration OLED_NewFrame - give arg types
  void OLED_NewFrame();
..\Modules\oled.h(22): warning:  #1295-D: Deprecated declaration OLED_ShowFrame - give arg types
  void OLED_ShowFrame();
..\Modules\oled.h(42): warning:  #1-D: last line of file ends without a newline
  #endif // __OLED_H__
..\Modules\key.h(20): warning:  #1-D: last line of file ends without a newline
  #endif
..\Middlewares\menu_core.h(65): warning:  #1-D: last line of file ends without a newline
  #endif
..\Modules\w25qxx.h(24): warning:  #1-D: last line of file ends without a newline
  #endif
..\Applications\app_adout.c(131): warning:  #1-D: last line of file ends without a newline
  }
..\Applications\app_adout.c: 11 warnings, 0 errors
compiling main.c...
..\Modules\oled.h(17): warning:  #1295-D: Deprecated declaration OLED_Init - give arg types
  void OLED_Init();
..\Modules\oled.h(18): warning:  #1295-D: Deprecated declaration OLED_DisPlay_On - give arg types
  void OLED_DisPlay_On();
..\Modules\oled.h(19): warning:  #1295-D: Deprecated declaration OLED_DisPlay_Off - give arg types
  void OLED_DisPlay_Off();
..\Modules\oled.h(21): warning:  #1295-D: Deprecated declaration OLED_NewFrame - give arg types
  void OLED_NewFrame();
..\Modules\oled.h(22): warning:  #1295-D: Deprecated declaration OLED_ShowFrame - give arg types
  void OLED_ShowFrame();
..\Modules\oled.h(42): warning:  #1-D: last line of file ends without a newline
  #endif // __OLED_H__
..\Modules\yx5200_hal.h(34): warning:  #1-D: last line of file ends without a newline
  #endif
..\Modules\mpu6050.h(50): warning:  #1-D: last line of file ends without a newline
  #endif
..\Modules\key.h(20): warning:  #1-D: last line of file ends without a newline
  #endif
..\Modules\w25qxx.h(24): warning:  #1-D: last line of file ends without a newline
  #endif
..\Modules\mp3_player.h(51): warning:  #1-D: last line of file ends without a newline
  #endif
..\Middlewares\clock.h(45): warning:  #1-D: last line of file ends without a newline
  #endif
..\Middlewares\menu_core.h(65): warning:  #1-D: last line of file ends without a newline
  #endif
..\Modules\battery.h(47): warning:  #1-D: last line of file ends without a newline
  #endif /* __BATTERY_H */
..\Middlewares\app_power.h(26): warning:  #1-D: last line of file ends without a newline
  #endif
..\Applications\app_about.h(10): warning:  #1-D: last line of file ends without a newline
  #endif
..\Applications\app_message.h(10): warning:  #1-D: last line of file ends without a newline
  #endif
../Core/Src/main.c(126): warning:  #223-D: function "System_Params_Init" declared implicitly
    System_Params_Init();
../Core/Src/main.c(141): warning:  #177-D: variable "last_tick"  was declared but never referenced
    uint32_t last_tick = 0;
../Core/Src/main.c: 19 warnings, 0 errors
compiling spi.c...
compiling stm32f1xx_it.c...
compiling rtc.c...
compiling app_dino.c...
..\Applications\app_dino.h(7): warning:  #1-D: last line of file ends without a newline
  #endif
..\Modules\oled.h(17): warning:  #1295-D: Deprecated declaration OLED_Init - give arg types
  void OLED_Init();
..\Modules\oled.h(18): warning:  #1295-D: Deprecated declaration OLED_DisPlay_On - give arg types
  void OLED_DisPlay_On();
..\Modules\oled.h(19): warning:  #1295-D: Deprecated declaration OLED_DisPlay_Off - give arg types
  void OLED_DisPlay_Off();
..\Modules\oled.h(21): warning:  #1295-D: Deprecated declaration OLED_NewFrame - give arg types
  void OLED_NewFrame();
..\Modules\oled.h(22): warning:  #1295-D: Deprecated declaration OLED_ShowFrame - give arg types
  void OLED_ShowFrame();
..\Modules\oled.h(42): warning:  #1-D: last line of file ends without a newline
  #endif // __OLED_H__
..\Modules\key.h(20): warning:  #1-D: last line of file ends without a newline
  #endif
..\Middlewares\menu_core.h(65): warning:  #1-D: last line of file ends without a newline
  #endif
..\Applications\app_dino.c(435): warning:  #1-D: last line of file ends without a newline
  }
..\Applications\app_dino.c: 10 warnings, 0 errors
compiling gpio.c...
compiling app_mp3.c...
..\Applications\app_mp3.h(7): warning:  #1-D: last line of file ends without a newline
  #endif
..\Modules\oled.h(17): warning:  #1295-D: Deprecated declaration OLED_Init - give arg types
  void OLED_Init();
..\Modules\oled.h(18): warning:  #1295-D: Deprecated declaration OLED_DisPlay_On - give arg types
  void OLED_DisPlay_On();
..\Modules\oled.h(19): warning:  #1295-D: Deprecated declaration OLED_DisPlay_Off - give arg types
  void OLED_DisPlay_Off();
..\Modules\oled.h(21): warning:  #1295-D: Deprecated declaration OLED_NewFrame - give arg types
  void OLED_NewFrame();
..\Modules\oled.h(22): warning:  #1295-D: Deprecated declaration OLED_ShowFrame - give arg types
  void OLED_ShowFrame();
..\Modules\oled.h(42): warning:  #1-D: last line of file ends without a newline
  #endif // __OLED_H__
..\Modules\key.h(20): warning:  #1-D: last line of file ends without a newline
  #endif
..\Middlewares\menu_core.h(65): warning:  #1-D: last line of file ends without a newline
  #endif
..\Modules\mp3_player.h(51): warning:  #1-D: last line of file ends without a newline
  #endif
..\Applications\app_mp3.c(123): warning:  #223-D: function "MP3_Stop" declared implicitly
                      MP3_Stop(); 
..\Applications\app_mp3.c(242): warning:  #1-D: last line of file ends without a newline
  }
..\Applications\app_mp3.c: 12 warnings, 0 errors
compiling app_message.c...
..\Applications\app_message.h(10): warning:  #1-D: last line of file ends without a newline
  #endif
..\Modules\oled.h(17): warning:  #1295-D: Deprecated declaration OLED_Init - give arg types
  void OLED_Init();
..\Modules\oled.h(18): warning:  #1295-D: Deprecated declaration OLED_DisPlay_On - give arg types
  void OLED_DisPlay_On();
..\Modules\oled.h(19): warning:  #1295-D: Deprecated declaration OLED_DisPlay_Off - give arg types
  void OLED_DisPlay_Off();
..\Modules\oled.h(21): warning:  #1295-D: Deprecated declaration OLED_NewFrame - give arg types
  void OLED_NewFrame();
..\Modules\oled.h(22): warning:  #1295-D: Deprecated declaration OLED_ShowFrame - give arg types
  void OLED_ShowFrame();
..\Modules\oled.h(42): warning:  #1-D: last line of file ends without a newline
  #endif // __OLED_H__
..\Modules\key.h(20): warning:  #1-D: last line of file ends without a newline
  #endif
..\Middlewares\menu_core.h(65): warning:  #1-D: last line of file ends without a newline
  #endif
..\Modules\w25qxx.h(24): warning:  #1-D: last line of file ends without a newline
  #endif
..\Applications\app_message.c(245): warning:  #1-D: last line of file ends without a newline
  }
..\Applications\app_message.c: 11 warnings, 0 errors
compiling app_flashlight.c...
..\Applications\app_flashlight.h(7): warning:  #1-D: last line of file ends without a newline
  #endif
..\Modules\oled.h(17): warning:  #1295-D: Deprecated declaration OLED_Init - give arg types
  void OLED_Init();
..\Modules\oled.h(18): warning:  #1295-D: Deprecated declaration OLED_DisPlay_On - give arg types
  void OLED_DisPlay_On();
..\Modules\oled.h(19): warning:  #1295-D: Deprecated declaration OLED_DisPlay_Off - give arg types
  void OLED_DisPlay_Off();
..\Modules\oled.h(21): warning:  #1295-D: Deprecated declaration OLED_NewFrame - give arg types
  void OLED_NewFrame();
..\Modules\oled.h(22): warning:  #1295-D: Deprecated declaration OLED_ShowFrame - give arg types
  void OLED_ShowFrame();
..\Modules\oled.h(42): warning:  #1-D: last line of file ends without a newline
  #endif // __OLED_H__
..\Modules\key.h(20): warning:  #1-D: last line of file ends without a newline
  #endif
..\Middlewares\menu_core.h(65): warning:  #1-D: last line of file ends without a newline
  #endif
..\Applications\app_flashlight.c(107): warning:  #1-D: last line of file ends without a newline
  }
..\Applications\app_flashlight.c: 10 warnings, 0 errors
compiling app_gradienter.c...
..\Applications\app_gradienter.h(9): warning:  #1-D: last line of file ends without a newline
  #endif
..\Modules\oled.h(17): warning:  #1295-D: Deprecated declaration OLED_Init - give arg types
  void OLED_Init();
..\Modules\oled.h(18): warning:  #1295-D: Deprecated declaration OLED_DisPlay_On - give arg types
  void OLED_DisPlay_On();
..\Modules\oled.h(19): warning:  #1295-D: Deprecated declaration OLED_DisPlay_Off - give arg types
  void OLED_DisPlay_Off();
..\Modules\oled.h(21): warning:  #1295-D: Deprecated declaration OLED_NewFrame - give arg types
  void OLED_NewFrame();
..\Modules\oled.h(22): warning:  #1295-D: Deprecated declaration OLED_ShowFrame - give arg types
  void OLED_ShowFrame();
..\Modules\oled.h(42): warning:  #1-D: last line of file ends without a newline
  #endif // __OLED_H__
..\Modules\key.h(20): warning:  #1-D: last line of file ends without a newline
  #endif
..\Middlewares\menu_core.h(65): warning:  #1-D: last line of file ends without a newline
  #endif
..\Modules\mpu6050.h(50): warning:  #1-D: last line of file ends without a newline
  #endif
..\Applications\app_gradienter.c(81): warning:  #1-D: last line of file ends without a newline
  }
..\Applications\app_gradienter.c: 11 warnings, 0 errors
compiling menu_core.c...
..\Modules\oled.h(17): warning:  #1295-D: Deprecated declaration OLED_Init - give arg types
  void OLED_Init();
..\Modules\oled.h(18): warning:  #1295-D: Deprecated declaration OLED_DisPlay_On - give arg types
  void OLED_DisPlay_On();
..\Modules\oled.h(19): warning:  #1295-D: Deprecated declaration OLED_DisPlay_Off - give arg types
  void OLED_DisPlay_Off();
..\Modules\oled.h(21): warning:  #1295-D: Deprecated declaration OLED_NewFrame - give arg types
  void OLED_NewFrame();
..\Modules\oled.h(22): warning:  #1295-D: Deprecated declaration OLED_ShowFrame - give arg types
  void OLED_ShowFrame();
..\Modules\oled.h(42): warning:  #1-D: last line of file ends without a newline
  #endif // __OLED_H__
..\Middlewares\menu_core.h(65): warning:  #1-D: last line of file ends without a newline
  #endif
..\Modules\key.h(20): warning:  #1-D: last line of file ends without a newline
  #endif
..\Middlewares\clock.h(45): warning:  #1-D: last line of file ends without a newline
  #endif
..\Applications\app_timer.h(18): warning:  #1-D: last line of file ends without a newline
  #endif
..\Middlewares\menu_core.c(154): warning:  #177-D: variable "max_lines"  was declared but never referenced
      uint8_t max_lines = (page->title) ? 3 : 4;
..\Middlewares\menu_core.c(446): warning:  #1-D: last line of file ends without a newline
  }
..\Middlewares\menu_core.c: 12 warnings, 0 errors
compiling font.c...
..\Modules\font.c(688): warning:  #1-D: last line of file ends without a newline
  const Image flashlightImg = {40, 40, flashlightData};
..\Modules\font.c: 1 warning, 0 errors
compiling clock.c...
..\Middlewares\clock.h(45): warning:  #1-D: last line of file ends without a newline
  #endif
..\Middlewares\clock.c(74): warning:  #223-D: function "strcpy" declared implicitly
      if (wday < 7) strcpy(display_cache.week_str, week_day_map[wday]);
..\Middlewares\clock.c(205): warning:  #1-D: last line of file ends without a newline
  }
..\Middlewares\clock.c: 3 warnings, 0 errors
compiling app_setting.c...
..\Applications\app_setting.h(16): warning:  #1-D: last line of file ends without a newline
  #endif
..\Middlewares\clock.h(45): warning:  #1-D: last line of file ends without a newline
  #endif
..\Modules\oled.h(17): warning:  #1295-D: Deprecated declaration OLED_Init - give arg types
  void OLED_Init();
..\Modules\oled.h(18): warning:  #1295-D: Deprecated declaration OLED_DisPlay_On - give arg types
  void OLED_DisPlay_On();
..\Modules\oled.h(19): warning:  #1295-D: Deprecated declaration OLED_DisPlay_Off - give arg types
  void OLED_DisPlay_Off();
..\Modules\oled.h(21): warning:  #1295-D: Deprecated declaration OLED_NewFrame - give arg types
  void OLED_NewFrame();
..\Modules\oled.h(22): warning:  #1295-D: Deprecated declaration OLED_ShowFrame - give arg types
  void OLED_ShowFrame();
..\Modules\oled.h(42): warning:  #1-D: last line of file ends without a newline
  #endif // __OLED_H__
..\Modules\key.h(20): warning:  #1-D: last line of file ends without a newline
  #endif
..\Middlewares\menu_core.h(65): warning:  #1-D: last line of file ends without a newline
  #endif
..\Middlewares\app_power.h(26): warning:  #1-D: last line of file ends without a newline
  #endif
../Core/Inc/sys_params.h(33): warning:  #1-D: last line of file ends without a newline
  #endif
..\Applications\app_setting.c(353): warning:  #223-D: function "MP3_GetMuteStatus" declared implicitly
          
ool is_muted = MP3_GetMuteStatus();
..\Applications\app_setting.c(382): warning:  #223-D: function "MP3_GetMuteStatus" declared implicitly
          
ool current_mute_state = MP3_GetMuteStatus();
..\Applications\app_setting.c(403): warning:  #223-D: function "MP3_SetMuteStatus" declared implicitly
              MP3_SetMuteStatus(false); // Sound ON -> Unmute
..\Applications\app_setting.c(405): warning:  #223-D: function "MP3_SetMuteStatus" declared implicitly
              MP3_SetMuteStatus(true);  // Sound OFF -> Mute
..\Applications\app_setting.c(499): warning:  #1-D: last line of file ends without a newline
  }
..\Applications\app_setting.c(209): warning:  #177-D: variable "g_brightness"  was declared but never referenced
  static int16_t g_brightness = 255; 
..\Applications\app_setting.c: 18 warnings, 0 errors
compiling menu_data.c...
..\Modules\oled.h(17): warning:  #1295-D: Deprecated declaration OLED_Init - give arg types
  void OLED_Init();
..\Modules\oled.h(18): warning:  #1295-D: Deprecated declaration OLED_DisPlay_On - give arg types
  void OLED_DisPlay_On();
..\Modules\oled.h(19): warning:  #1295-D: Deprecated declaration OLED_DisPlay_Off - give arg types
  void OLED_DisPlay_Off();
..\Modules\oled.h(21): warning:  #1295-D: Deprecated declaration OLED_NewFrame - give arg types
  void OLED_NewFrame();
..\Modules\oled.h(22): warning:  #1295-D: Deprecated declaration OLED_ShowFrame - give arg types
  void OLED_ShowFrame();
..\Modules\oled.h(42): warning:  #1-D: last line of file ends without a newline
  #endif // __OLED_H__
..\Middlewares\menu_core.h(65): warning:  #1-D: last line of file ends without a newline
  #endif
..\Modules\key.h(20): warning:  #1-D: last line of file ends without a newline
  #endif
..\Middlewares\clock.h(45): warning:  #1-D: last line of file ends without a newline
  #endif
..\Modules\mpu6050.h(50): warning:  #1-D: last line of file ends without a newline
  #endif
..\Applications\app_setting.h(16): warning:  #1-D: last line of file ends without a newline
  #endif
..\Applications\app_timer.h(18): warning:  #1-D: last line of file ends without a newline
  #endif
..\Applications\game.h(13): warning:  #1-D: last line of file ends without a newline
  #endif
..\Modules\battery.h(47): warning:  #1-D: last line of file ends without a newline
  #endif /* __BATTERY_H */
..\Applications\app_gradienter.h(9): warning:  #1-D: last line of file ends without a newline
  #endif
..\Applications\app_mp3.h(7): warning:  #1-D: last line of file ends without a newline
  #endif
..\Applications\app_flashlight.h(7): warning:  #1-D: last line of file ends without a newline
  #endif
..\Applications\app_dino.h(7): warning:  #1-D: last line of file ends without a newline
  #endif
..\Applications\app_about.h(10): warning:  #1-D: last line of file ends without a newline
  #endif
..\Applications\app_message.h(10): warning:  #1-D: last line of file ends without a newline
  #endif
..\Middlewares\menu_data.c(364): warning:  #1-D: last line of file ends without a newline
  }
..\Middlewares\menu_data.c(48): warning:  #177-D: variable "home_cursor"  was declared but never referenced
  static uint8_t home_cursor = 0; // 0:Flashlight, 1:Menu
..\Middlewares\menu_data.c: 22 warnings, 0 errors
compiling app_timer.c...
..\Applications\app_timer.h(18): warning:  #1-D: last line of file ends without a newline
  #endif
..\Modules\oled.h(17): warning:  #1295-D: Deprecated declaration OLED_Init - give arg types
  void OLED_Init();
..\Modules\oled.h(18): warning:  #1295-D: Deprecated declaration OLED_DisPlay_On - give arg types
  void OLED_DisPlay_On();
..\Modules\oled.h(19): warning:  #1295-D: Deprecated declaration OLED_DisPlay_Off - give arg types
  void OLED_DisPlay_Off();
..\Modules\oled.h(21): warning:  #1295-D: Deprecated declaration OLED_NewFrame - give arg types
  void OLED_NewFrame();
..\Modules\oled.h(22): warning:  #1295-D: Deprecated declaration OLED_ShowFrame - give arg types
  void OLED_ShowFrame();
..\Modules\oled.h(42): warning:  #1-D: last line of file ends without a newline
  #endif // __OLED_H__
..\Modules\key.h(20): warning:  #1-D: last line of file ends without a newline
  #endif
..\Middlewares\menu_core.h(65): warning:  #1-D: last line of file ends without a newline
  #endif
..\Middlewares\clock.h(45): warning:  #1-D: last line of file ends without a newline
  #endif
..\Modules\mp3_player.h(51): warning:  #1-D: last line of file ends without a newline
  #endif
../Core/Inc/sys_params.h(33): warning:  #1-D: last line of file ends without a newline
  #endif
..\Applications\app_timer.c(289): warning:  #223-D: function "OLED_SetColorMode" declared implicitly
          OLED_SetColorMode(flash_state); 
..\Applications\app_timer.c(305): warning:  #223-D: function "MP3_Stop" declared implicitly
          MP3_Stop();
..\Applications\app_timer.c(307): warning:  #223-D: function "OLED_SetColorMode" declared implicitly
          OLED_SetColorMode(0); // »Ö¸´Õý³£
..\Applications\app_timer.c(310): warning:  #1-D: last line of file ends without a newline
  }
..\Applications\app_timer.c(29): warning:  #177-D: variable "edit_idx"  was declared but never referenced
  static uint8_t edit_idx = 0; // 0:Hour, 1:Min, 2:Toggle
..\Applications\app_timer.c: 17 warnings, 0 errors
compiling app_power.c...
..\Middlewares\app_power.h(26): warning:  #1-D: last line of file ends without a newline
  #endif
..\Modules\oled.h(17): warning:  #1295-D: Deprecated declaration OLED_Init - give arg types
  void OLED_Init();
..\Modules\oled.h(18): warning:  #1295-D: Deprecated declaration OLED_DisPlay_On - give arg types
  void OLED_DisPlay_On();
..\Modules\oled.h(19): warning:  #1295-D: Deprecated declaration OLED_DisPlay_Off - give arg types
  void OLED_DisPlay_Off();
..\Modules\oled.h(21): warning:  #1295-D: Deprecated declaration OLED_NewFrame - give arg types
  void OLED_NewFrame();
..\Modules\oled.h(22): warning:  #1295-D: Deprecated declaration OLED_ShowFrame - give arg types
  void OLED_ShowFrame();
..\Modules\oled.h(42): warning:  #1-D: last line of file ends without a newline
  #endif // __OLED_H__
..\Modules\key.h(20): warning:  #1-D: last line of file ends without a newline
  #endif
..\Modules\mpu6050.h(50): warning:  #1-D: last line of file ends without a newline
  #endif
..\Middlewares\app_power.c(161): warning:  #1-D: last line of file ends without a newline
  }
..\Middlewares\app_power.c: 10 warnings, 0 errors
compiling game.c...
..\Applications\game.h(13): warning:  #1-D: last line of file ends without a newline
  #endif
..\Modules\oled.h(17): warning:  #1295-D: Deprecated declaration OLED_Init - give arg types
  void OLED_Init();
..\Modules\oled.h(18): warning:  #1295-D: Deprecated declaration OLED_DisPlay_On - give arg types
  void OLED_DisPlay_On();
..\Modules\oled.h(19): warning:  #1295-D: Deprecated declaration OLED_DisPlay_Off - give arg types
  void OLED_DisPlay_Off();
..\Modules\oled.h(21): warning:  #1295-D: Deprecated declaration OLED_NewFrame - give arg types
  void OLED_NewFrame();
..\Modules\oled.h(22): warning:  #1295-D: Deprecated declaration OLED_ShowFrame - give arg types
  void OLED_ShowFrame();
..\Modules\oled.h(42): warning:  #1-D: last line of file ends without a newline
  #endif // __OLED_H__
..\Modules\key.h(20): warning:  #1-D: last line of file ends without a newline
  #endif
..\Middlewares\menu_core.h(65): warning:  #1-D: last line of file ends without a newline
  #endif
..\Applications\game.c(287): warning:  #223-D: function "sprintf" declared implicitly
      sprintf(buf, "%ld", t_score);
..\Applications\game.c(467): warning:  #1-D: last line of file ends without a newline
  // }
..\Applications\game.c: 11 warnings, 0 errors
compiling battery.c...
..\Modules\battery.h(47): warning:  #1-D: last line of file ends without a newline
  #endif /* __BATTERY_H */
..\Modules\battery.c(89): warning:  #1-D: last line of file ends without a newline
  }
..\Modules\battery.c: 2 warnings, 0 errors
compiling key.c...
..\Modules\key.h(20): warning:  #1-D: last line of file ends without a newline
  #endif
..\Modules\key.c(80): warning:  #1-D: last line of file ends without a newline
  }
..\Modules\key.c: 2 warnings, 0 errors
compiling mp3_player.c...
..\Modules\mp3_player.h(51): warning:  #1-D: last line of file ends without a newline
  #endif
..\Modules\key.h(20): warning:  #1-D: last line of file ends without a newline
  #endif
..\Modules\mp3_player.c(268): warning:  #1-D: last line of file ends without a newline
  }
..\Modules\mp3_player.c: 3 warnings, 0 errors
compiling w25qxx.c...
..\Modules\w25qxx.h(24): warning:  #1-D: last line of file ends without a newline
  #endif
..\Modules\w25qxx.c(137): warning:  #1-D: last line of file ends without a newline
  }
..\Modules\w25qxx.c: 2 warnings, 0 errors
compiling mpu6050.c...
..\Modules\mpu6050.h(50): warning:  #1-D: last line of file ends without a newline
  #endif
..\Modules\mpu6050.c(181): warning:  #1-D: last line of file ends without a newline
  }
..\Modules\mpu6050.c: 2 warnings, 0 errors
compiling oled.c...
..\Modules\oled.h(17): warning:  #1295-D: Deprecated declaration OLED_Init - give arg types
  void OLED_Init();
..\Modules\oled.h(18): warning:  #1295-D: Deprecated declaration OLED_DisPlay_On - give arg types
  void OLED_DisPlay_On();
..\Modules\oled.h(19): warning:  #1295-D: Deprecated declaration OLED_DisPlay_Off - give arg types
  void OLED_DisPlay_Off();
..\Modules\oled.h(21): warning:  #1295-D: Deprecated declaration OLED_NewFrame - give arg types
  void OLED_NewFrame();
..\Modules\oled.h(22): warning:  #1295-D: Deprecated declaration OLED_ShowFrame - give arg types
  void OLED_ShowFrame();
..\Modules\oled.h(42): warning:  #1-D: last line of file ends without a newline
  #endif // __OLED_H__
../Core/Inc/font_write.h(8): warning:  #1-D: last line of file ends without a newline
  #endif
..\Modules\oled.c(909): warning:  #223-D: function "W25Q_Read" declared implicitly
                  W25Q_Read(buffer, addr, 32);
..\Modules\oled.c(921): warning:  #1-D: last line of file ends without a newline
  }
..\Modules\oled.c: 9 warnings, 0 errors
compiling yx5200_hal.c...
..\Modules\yx5200_hal.h(34): warning:  #1-D: last line of file ends without a newline
  #endif
..\Modules\oled.h(17): warning:  #1295-D: Deprecated declaration OLED_Init - give arg types
  void OLED_Init();
..\Modules\oled.h(18): warning:  #1295-D: Deprecated declaration OLED_DisPlay_On - give arg types
  void OLED_DisPlay_On();
..\Modules\oled.h(19): warning:  #1295-D: Deprecated declaration OLED_DisPlay_Off - give arg types
  void OLED_DisPlay_Off();
..\Modules\oled.h(21): warning:  #1295-D: Deprecated declaration OLED_NewFrame - give arg types
  void OLED_NewFrame();
..\Modules\oled.h(22): warning:  #1295-D: Deprecated declaration OLED_ShowFrame - give arg types
  void OLED_ShowFrame();
..\Modules\oled.h(42): warning:  #1-D: last line of file ends without a newline
  #endif // __OLED_H__
..\Modules\yx5200_hal.c(83): warning:  #1-D: last line of file ends without a newline
  }
..\Modules\yx5200_hal.c: 8 warnings, 0 errors
compiling sys_param.c...
..\Middlewares\sys_params.h(33): warning:  #1-D: last line of file ends without a newline
  #endif
..\Modules\w25qxx.h(24): warning:  #1-D: last line of file ends without a newline
  #endif
..\Modules\oled.h(17): warning:  #1295-D: Deprecated declaration OLED_Init - give arg types
  void OLED_Init();
..\Modules\oled.h(18): warning:  #1295-D: Deprecated declaration OLED_DisPlay_On - give arg types
  void OLED_DisPlay_On();
..\Modules\oled.h(19): warning:  #1295-D: Deprecated declaration OLED_DisPlay_Off - give arg types
  void OLED_DisPlay_Off();
..\Modules\oled.h(21): warning:  #1295-D: Deprecated declaration OLED_NewFrame - give arg types
  void OLED_NewFrame();
..\Modules\oled.h(22): warning:  #1295-D: Deprecated declaration OLED_ShowFrame - give arg types
  void OLED_ShowFrame();
..\Modules\oled.h(42): warning:  #1-D: last line of file ends without a newline
  #endif // __OLED_H__
..\Modules\mp3_player.h(51): warning:  #1-D: last line of file ends without a newline
  #endif
..\Applications\app_timer.h(18): warning:  #1-D: last line of file ends without a newline
  #endif
..\Middlewares\app_power.h(26): warning:  #1-D: last line of file ends without a newline
  #endif
..\Middlewares\sys_param.c(91): warning:  #223-D: function "W25Q_Write_NoCheck" declared implicitly
      W25Q_Write_NoCheck((uint8_t*)&g_sys_params, PARAM_FLASH_ADDR, sizeof(SysParams_t));
..\Middlewares\sys_param.c(95): warning:  #1-D: last line of file ends without a newline
  }
..\Middlewares\sys_param.c: 13 warnings, 0 errors
compiling stm32f1xx_hal_gpio_ex.c...
compiling stm32f1xx_hal_adc.c...
compiling stm32f1xx_hal_adc_ex.c...
compiling stm32f1xx_hal.c...
compiling stm32f1xx_hal_rcc_ex.c...
compiling stm32f1xx_hal_rcc.c...
compiling stm32f1xx_hal_gpio.c...
compiling stm32f1xx_hal_dma.c...
compiling stm32f1xx_hal_cortex.c...
compiling stm32f1xx_hal_flash.c...
compiling stm32f1xx_hal_pwr.c...
compiling stm32f1xx_hal_flash_ex.c...
compiling stm32f1xx_hal_exti.c...
compiling stm32f1xx_hal_rtc.c...
compiling stm32f1xx_hal_rtc_ex.c...
compiling system_stm32f1xx.c...
compiling stm32f1xx_hal_i2c.c...
compiling stm32f1xx_hal_spi.c...
compiling stm32f1xx_hal_uart.c...
linking...
Program Size: Code=41424 RO-data=12956 RW-data=520 ZI-data=4368  
FromELF: creating hex file...
"Watch_Project\Watch_Project.axf" - 0 Error(s), 219 Warning(s).

<h2>Software Packages used:</h2>

Package Vendor: ARM
                http://www.keil.com/pack/ARM.CMSIS.5.0.1.pack
                ARM.CMSIS.5.0.1
                CMSIS (Cortex Microcontroller Software Interface Standard)
   * Component: CORE Version: 5.0.1

Package Vendor: Keil
                http://www.keil.com/pack/Keil.STM32F1xx_DFP.2.2.0.pack
                Keil.STM32F1xx_DFP.2.2.0
                STMicroelectronics STM32F1 Series Device Support, Drivers and Examples

<h2>Collection of Component include folders:</h2>
  .\RTE\_Watch_Project
  D:\keil5\ARM\PACK\ARM\CMSIS\5.0.1\CMSIS\Include
  D:\keil5\ARM\PACK\Keil\STM32F1xx_DFP\2.2.0\Device\Include

<h2>Collection of Component Files used:</h2>

   * Component: ARM::CMSIS:CORE:5.0.1
Build Time Elapsed:  00:00:12
</pre>
</body>
</html>
