Component: ARM Compiler 5.06 update 5 (build 528) Tool: armlink [4d35e2]

==============================================================================

Section Cross References

    startup_stm32f103xb.o(STACK) refers (Special) to heapauxi.o(.text) for __use_two_region_memory
    startup_stm32f103xb.o(HEAP) refers (Special) to heapauxi.o(.text) for __use_two_region_memory
    startup_stm32f103xb.o(RESET) refers (Special) to heapauxi.o(.text) for __use_two_region_memory
    startup_stm32f103xb.o(RESET) refers to startup_stm32f103xb.o(STACK) for __initial_sp
    startup_stm32f103xb.o(RESET) refers to startup_stm32f103xb.o(.text) for Reset_Handler
    startup_stm32f103xb.o(RESET) refers to stm32f1xx_it.o(i.NMI_Handler) for NMI_Handler
    startup_stm32f103xb.o(RESET) refers to stm32f1xx_it.o(i.HardFault_Handler) for HardFault_Handler
    startup_stm32f103xb.o(RESET) refers to stm32f1xx_it.o(i.MemManage_Handler) for MemManage_Handler
    startup_stm32f103xb.o(RESET) refers to stm32f1xx_it.o(i.BusFault_Handler) for BusFault_Handler
    startup_stm32f103xb.o(RESET) refers to stm32f1xx_it.o(i.UsageFault_Handler) for UsageFault_Handler
    startup_stm32f103xb.o(RESET) refers to stm32f1xx_it.o(i.SVC_Handler) for SVC_Handler
    startup_stm32f103xb.o(RESET) refers to stm32f1xx_it.o(i.DebugMon_Handler) for DebugMon_Handler
    startup_stm32f103xb.o(RESET) refers to stm32f1xx_it.o(i.PendSV_Handler) for PendSV_Handler
    startup_stm32f103xb.o(RESET) refers to stm32f1xx_it.o(i.SysTick_Handler) for SysTick_Handler
    startup_stm32f103xb.o(RESET) refers to stm32f1xx_it.o(i.USART2_IRQHandler) for USART2_IRQHandler
    startup_stm32f103xb.o(.text) refers (Special) to heapauxi.o(.text) for __use_two_region_memory
    startup_stm32f103xb.o(.text) refers to system_stm32f1xx.o(i.SystemInit) for SystemInit
    startup_stm32f103xb.o(.text) refers to __main.o(!!!main) for __main
    startup_stm32f103xb.o(.text) refers to startup_stm32f103xb.o(HEAP) for Heap_Mem
    startup_stm32f103xb.o(.text) refers to startup_stm32f103xb.o(STACK) for Stack_Mem
    main.o(i.SystemClock_Config) refers to rt_memclr_w.o(.text) for __aeabi_memclr4
    main.o(i.SystemClock_Config) refers to stm32f1xx_hal_rcc.o(i.HAL_RCC_OscConfig) for HAL_RCC_OscConfig
    main.o(i.SystemClock_Config) refers to stm32f1xx_hal_rcc.o(i.HAL_RCC_ClockConfig) for HAL_RCC_ClockConfig
    main.o(i.SystemClock_Config) refers to stm32f1xx_hal_rcc_ex.o(i.HAL_RCCEx_PeriphCLKConfig) for HAL_RCCEx_PeriphCLKConfig
    main.o(i.main) refers to stm32f1xx_hal.o(i.HAL_Init) for HAL_Init
    main.o(i.main) refers to main.o(i.SystemClock_Config) for SystemClock_Config
    main.o(i.main) refers to gpio.o(i.MX_GPIO_Init) for MX_GPIO_Init
    main.o(i.main) refers to i2c.o(i.MX_I2C1_Init) for MX_I2C1_Init
    main.o(i.main) refers to i2c.o(i.MX_I2C2_Init) for MX_I2C2_Init
    main.o(i.main) refers to usart.o(i.MX_USART2_UART_Init) for MX_USART2_UART_Init
    main.o(i.main) refers to spi.o(i.MX_SPI1_Init) for MX_SPI1_Init
    main.o(i.main) refers to adc.o(i.MX_ADC1_Init) for MX_ADC1_Init
    main.o(i.main) refers to rtc.o(i.MX_RTC_Init) for MX_RTC_Init
    main.o(i.main) refers to w25qxx.o(i.W25Q_Init) for W25Q_Init
    main.o(i.main) refers to oled.o(i.OLED_Init) for OLED_Init
    main.o(i.main) refers to battery.o(i.Battery_Init) for Battery_Init
    main.o(i.main) refers to clock.o(i.Clock_Init) for Clock_Init
    main.o(i.main) refers to mp3_player.o(i.MP3_Init_Async) for MP3_Init_Async
    main.o(i.main) refers to mpu6050.o(i.MPU6050_Init) for MPU6050_Init
    main.o(i.main) refers to app_power.o(i.Power_Init) for Power_Init
    main.o(i.main) refers to sys_param.o(i.System_Params_Init) for System_Params_Init
    main.o(i.main) refers to menu_data.o(i.Menu_PlayBootAnimation) for Menu_PlayBootAnimation
    main.o(i.main) refers to menu_core.o(i.Menu_Init) for Menu_Init
    main.o(i.main) refers to stm32f1xx_hal.o(i.HAL_GetTick) for HAL_GetTick
    main.o(i.main) refers to mpu6050.o(i.MPU6050_Update_Task) for MPU6050_Update_Task
    main.o(i.main) refers to app_power.o(i.Power_Update) for Power_Update
    main.o(i.main) refers to menu_core.o(i.Menu_Loop) for Menu_Loop
    main.o(i.main) refers to i2c.o(.bss) for hi2c2
    main.o(i.main) refers to main.o(.data) for .data
    gpio.o(i.MX_GPIO_Init) refers to stm32f1xx_hal_gpio.o(i.HAL_GPIO_WritePin) for HAL_GPIO_WritePin
    gpio.o(i.MX_GPIO_Init) refers to stm32f1xx_hal_gpio.o(i.HAL_GPIO_Init) for HAL_GPIO_Init
    adc.o(i.HAL_ADC_MspDeInit) refers to stm32f1xx_hal_gpio.o(i.HAL_GPIO_DeInit) for HAL_GPIO_DeInit
    adc.o(i.HAL_ADC_MspInit) refers to stm32f1xx_hal_gpio.o(i.HAL_GPIO_Init) for HAL_GPIO_Init
    adc.o(i.MX_ADC1_Init) refers to stm32f1xx_hal_adc.o(i.HAL_ADC_Init) for HAL_ADC_Init
    adc.o(i.MX_ADC1_Init) refers to main.o(i.Error_Handler) for Error_Handler
    adc.o(i.MX_ADC1_Init) refers to stm32f1xx_hal_adc.o(i.HAL_ADC_ConfigChannel) for HAL_ADC_ConfigChannel
    adc.o(i.MX_ADC1_Init) refers to adc.o(.bss) for .bss
[...]
    HAL_UART_Init                            0x08005961   Thumb Code   100  stm32f1xx_hal_uart.o(i.HAL_UART_Init)
    HAL_UART_MspInit                         0x080059c5   Thumb Code   114  usart.o(i.HAL_UART_MspInit)
    HAL_UART_Receive                         0x08005a45   Thumb Code   176  stm32f1xx_hal_uart.o(i.HAL_UART_Receive)
    HAL_UART_RxCpltCallback                  0x08005af5   Thumb Code     2  stm32f1xx_hal_uart.o(i.HAL_UART_RxCpltCallback)
    HAL_UART_Transmit                        0x08005af7   Thumb Code   160  stm32f1xx_hal_uart.o(i.HAL_UART_Transmit)
    HAL_UART_TxCpltCallback                  0x08005b97   Thumb Code     2  stm32f1xx_hal_uart.o(i.HAL_UART_TxCpltCallback)
    HardFault_Handler                        0x08005b99   Thumb Code     2  stm32f1xx_it.o(i.HardFault_Handler)
    Kalman_getAngle                          0x08006073   Thumb Code   396  mpu6050.o(i.Kalman_getAngle)
    Key_GetRawState                          0x08006201   Thumb Code    68  key.o(i.Key_GetRawState)
    Key_IsSingleClick                        0x0800624d   Thumb Code    54  key.o(i.Key_IsSingleClick)
    LockBlock                                0x08006289   Thumb Code    82  game.o(i.LockBlock)
    MP3_GetMuteStatus                        0x08006305   Thumb Code     6  mp3_player.o(i.MP3_GetMuteStatus)
    MP3_Init_Async                           0x08006311   Thumb Code   130  mp3_player.o(i.MP3_Init_Async)
    MP3_IsPlaying                            0x080063a5   Thumb Code     6  mp3_player.o(i.MP3_IsPlaying)
    MP3_Next                                 0x080063b1   Thumb Code    28  mp3_player.o(i.MP3_Next)
    MP3_Pause                                0x080063d1   Thumb Code    24  mp3_player.o(i.MP3_Pause)
    MP3_Play                                 0x080063ed   Thumb Code    28  mp3_player.o(i.MP3_Play)
    MP3_PlayTrack                            0x0800640d   Thumb Code    30  mp3_player.o(i.MP3_PlayTrack)
    MP3_Prev                                 0x08006431   Thumb Code    28  mp3_player.o(i.MP3_Prev)
    MP3_SetMuteStatus                        0x080064a9   Thumb Code    22  mp3_player.o(i.MP3_SetMuteStatus)
    MP3_SetVolume                            0x080064c5   Thumb Code    14  mp3_player.o(i.MP3_SetVolume)
    MP3_Stop                                 0x080064d5   Thumb Code    24  mp3_player.o(i.MP3_Stop)
    MP3_TogglePlayback                       0x080064f1   Thumb Code    14  mp3_player.o(i.MP3_TogglePlayback)
    MPU6050_GetDataPtr                       0x08006505   Thumb Code     4  mpu6050.o(i.MPU6050_GetDataPtr)
    MPU6050_Init                             0x0800650d   Thumb Code   154  mpu6050.o(i.MPU6050_Init)
    MPU6050_Read_All                         0x080065ad   Thumb Code   640  mpu6050.o(i.MPU6050_Read_All)
    MPU6050_Update_Task                      0x08006865   Thumb Code     8  mpu6050.o(i.MPU6050_Update_Task)
    MX_ADC1_Init                             0x08006875   Thumb Code    70  adc.o(i.MX_ADC1_Init)
    MX_GPIO_Init                             0x080068c5   Thumb Code   238  gpio.o(i.MX_GPIO_Init)
    MX_I2C1_Init                             0x080069c1   Thumb Code    50  i2c.o(i.MX_I2C1_Init)
    MX_I2C2_Init                             0x08006a01   Thumb Code    50  i2c.o(i.MX_I2C2_Init)
    MX_RTC_Init                              0x08006a41   Thumb Code   126  rtc.o(i.MX_RTC_Init)
    MX_SPI1_Init                             0x08006ac9   Thumb Code    62  spi.o(i.MX_SPI1_Init)
    MX_USART2_UART_Init                      0x08006b11   Thumb Code    48  usart.o(i.MX_USART2_UART_Init)
    MemManage_Handler                        0x08006b49   Thumb Code     2  stm32f1xx_it.o(i.MemManage_Handler)
    Menu_Draw_Carousel                       0x08006ba9   Thumb Code   418  menu_core.o(i.Menu_Draw_Carousel)
    Menu_Draw_GenericList                    0x08006d61   Thumb Code   250  menu_core.o(i.Menu_Draw_GenericList)
    Menu_Init                                0x08006ee9   Thumb Code     6  menu_core.o(i.Menu_Init)
    Menu_LoadInitialState                    0x08006ef5   Thumb Code    14  menu_data.o(i.Menu_LoadInitialState)
    Menu_Loop                                0x08006f0d   Thumb Code   186  menu_core.o(i.Menu_Loop)
    Menu_NavigateBack                        0x08006fe1   Thumb Code    88  menu_core.o(i.Menu_NavigateBack)
    Menu_PlayBootAnimation                   0x0800703d   Thumb Code   132  menu_data.o(i.Menu_PlayBootAnimation)
    Menu_Process_Navigate                    0x080070c9   Thumb Code   196  menu_core.o(i.Menu_Process_Navigate)
    Menu_SwitchToApp                         0x08007191   Thumb Code    12  menu_core.o(i.Menu_SwitchToApp)
    Menu_SwitchToMenu                        0x080071a1   Thumb Code     8  menu_core.o(i.Menu_SwitchToMenu)
    NMI_Handler                              0x080071ad   Thumb Code     2  stm32f1xx_it.o(i.NMI_Handler)
    OLED_DisPlay_Off                         0x080071af   Thumb Code    24  oled.o(i.OLED_DisPlay_Off)
    OLED_DisPlay_On                          0x080071c7   Thumb Code    24  oled.o(i.OLED_DisPlay_On)
    OLED_DrawCircle                          0x080071e1   Thumb Code   240  oled.o(i.OLED_DrawCircle)
    OLED_DrawFilledCircle                    0x080072d1   Thumb Code   174  oled.o(i.OLED_DrawFilledCircle)
    OLED_DrawFilledRectangle                 0x0800737f   Thumb Code    50  oled.o(i.OLED_DrawFilledRectangle)
    OLED_DrawImage                           0x080073b1   Thumb Code    18  oled.o(i.OLED_DrawImage)
    OLED_DrawLine                            0x080073c5   Thumb Code   254  oled.o(i.OLED_DrawLine)
    OLED_DrawRectangle                       0x080074c9   Thumb Code    72  oled.o(i.OLED_DrawRectangle)
    OLED_Init                                0x08007511   Thumb Code   182  oled.o(i.OLED_Init)
    OLED_NewFrame                            0x080075c9   Thumb Code    10  oled.o(i.OLED_NewFrame)
    OLED_PrintASCIIChar                      0x080075d9   Thumb Code    32  oled.o(i.OLED_PrintASCIIChar)
    OLED_PrintASCIIString                    0x080075f9   Thumb Code    46  oled.o(i.OLED_PrintASCIIString)
    OLED_Send                                0x08007629   Thumb Code    22  oled.o(i.OLED_Send)
    OLED_SendCmd                             0x08007645   Thumb Code    12  oled.o(i.OLED_SendCmd)
    OLED_SetBits                             0x08007655   Thumb Code    72  oled.o(i.OLED_SetBits)
    OLED_SetBits_Fine                        0x0800769d   Thumb Code   104  oled.o(i.OLED_SetBits_Fine)
    OLED_SetBlock                            0x08007705   Thumb Code   136  oled.o(i.OLED_SetBlock)
    OLED_SetBrightness                       0x0800778d   Thumb Code   156  oled.o(i.OLED_SetBrightness)
    OLED_SetByte_Fine                        0x0800782d   Thumb Code    64  oled.o(i.OLED_SetByte_Fine)
    OLED_SetColorMode                        0x08007875   Thumb Code    18  oled.o(i.OLED_SetColorMode)
    OLED_SetPixel                            0x08007889   Thumb Code    42  oled.o(i.OLED_SetPixel)
    OLED_ShowFrame                           0x080078b9   Thumb Code    68  oled.o(i.OLED_ShowFrame)
    OLED_ShowGBK                             0x08007901   Thumb Code   178  oled.o(i.OLED_ShowGBK)
    PendSV_Handler                           0x080079bd   Thumb Code     2  stm32f1xx_it.o(i.PendSV_Handler)
    Power_GetTimeout                         0x080079c1   Thumb Code     6  app_power.o(i.Power_GetTimeout)
    Power_Init                               0x080079cd   Thumb Code    16  app_power.o(i.Power_Init)
    Power_ResetTimer                         0x080079e1   Thumb Code    12  app_power.o(i.Power_ResetTimer)
    Power_SetTimeout                         0x080079f1   Thumb Code     8  app_power.o(i.Power_SetTimeout)
    Power_Update                             0x080079fd   Thumb Code   138  app_power.o(i.Power_Update)
    SVC_Handler                              0x08007d35   Thumb Code     2  stm32f1xx_it.o(i.SVC_Handler)
    SpawnBlock                               0x08007ed5   Thumb Code    46  game.o(i.SpawnBlock)
    SysTick_Handler                          0x08007f09   Thumb Code     4  stm32f1xx_it.o(i.SysTick_Handler)
    SystemClock_Config                       0x08007f0d   Thumb Code   134  main.o(i.SystemClock_Config)
    SystemInit                               0x08007f93   Thumb Code     2  system_stm32f1xx.o(i.SystemInit)
    System_Params_Init                       0x08007f95   Thumb Code    78  sys_param.o(i.System_Params_Init)
    System_Params_Save                       0x08007ff1   Thumb Code    38  sys_param.o(i.System_Params_Save)
    Tools_CheckAlarm                         0x08008021   Thumb Code    50  app_timer.o(i.Tools_CheckAlarm)
    Tools_SetAlarm                           0x08008059   Thumb Code    10  app_timer.o(i.Tools_SetAlarm)
    USART2_IRQHandler                        0x080082b5   Thumb Code     6  stm32f1xx_it.o(i.USART2_IRQHandler)
    UsageFault_Handler                       0x08008335   Thumb Code     2  stm32f1xx_it.o(i.UsageFault_Handler)
    W25Q_Erase_Sector                        0x08008339   Thumb Code    70  w25qxx.o(i.W25Q_Erase_Sector)
    W25Q_Init                                0x08008385   Thumb Code    10  w25qxx.o(i.W25Q_Init)
    W25Q_Read                                0x08008395   Thumb Code    82  w25qxx.o(i.W25Q_Read)
    W25Q_SPI_SwapByte                        0x080083ed   Thumb Code    26  w25qxx.o(i.W25Q_SPI_SwapByte)
    W25Q_Wait_Busy                           0x0800840d   Thumb Code    44  w25qxx.o(i.W25Q_Wait_Busy)
    W25Q_Write_Enable                        0x0800843d   Thumb Code    34  w25qxx.o(i.W25Q_Write_Enable)
    W25Q_Write_NoCheck                       0x08008465   Thumb Code    60  w25qxx.o(i.W25Q_Write_NoCheck)
    W25Q_Write_Page                          0x080084a1   Thumb Code    88  w25qxx.o(i.W25Q_Write_Page)
    __ARM_fpclassify                         0x080084fd   Thumb Code    40  fpclassify.o(i.__ARM_fpclassify)
    __ARM_fpclassifyf                        0x08008525   Thumb Code    38  fpclassifyf.o(i.__ARM_fpclassifyf)
    __kernel_poly                            0x0800856b   Thumb Code   170  poly.o(i.__kernel_poly)
    __mathlib_dbl_infnan                     0x08008615   Thumb Code     6  dunder.o(i.__mathlib_dbl_infnan)
    __mathlib_dbl_infnan2                    0x0800861b   Thumb Code     4  dunder.o(i.__mathlib_dbl_infnan2)
    __mathlib_dbl_underflow                  0x08008621   Thumb Code    10  dunder.o(i.__mathlib_dbl_underflow)
    __mathlib_flt_infnan                     0x08008631   Thumb Code     6  funder.o(i.__mathlib_flt_infnan)
    __mathlib_flt_invalid                    0x08008637   Thumb Code     8  funder.o(i.__mathlib_flt_invalid)
    __mathlib_flt_underflow                  0x0800863f   Thumb Code    10  funder.o(i.__mathlib_flt_underflow)
    __mathlib_rredf2                         0x08008649   Thumb Code   344  rredf.o(i.__mathlib_rredf2)
    _is_digit                                0x080087b1   Thumb Code    14  __printf_wp.o(i._is_digit)
    atan                                     0x080087c1   Thumb Code   474  atan.o(i.atan)
    atan2                                    0x080089e1   Thumb Code   346  atan2.o(i.atan2)
    main                                     0x08008b61   Thumb Code   116  main.o(i.main)
    sinf                                     0x08008bdd   Thumb Code   338  sinf.o(i.sinf)
    sqrt                                     0x08008d65   Thumb Code    76  sqrt.o(i.sqrt)
    sqrtf                                    0x08008db1   Thumb Code    44  sqrtf.o(i.sqrtf)
    _get_lc_numeric                          0x08008ddd   Thumb Code    44  lc_numeric_c.o(locale$$code)
    __aeabi_d2f                              0x08008e09   Thumb Code     0  d2f.o(x$fpl$d2f)
    _d2f                                     0x08008e09   Thumb Code    98  d2f.o(x$fpl$d2f)
    __aeabi_dadd                             0x08008e6d   Thumb Code     0  daddsub_clz.o(x$fpl$dadd)
    _dadd                                    0x08008e6d   Thumb Code   332  daddsub_clz.o(x$fpl$dadd)
    __fpl_dcheck_NaN1                        0x08008fbd   Thumb Code    10  dcheck1.o(x$fpl$dcheck1)
    __fpl_dcmp_Inf                           0x08008fcd   Thumb Code    24  dcmpi.o(x$fpl$dcmpinf)
    __aeabi_ddiv                             0x08008fe5   Thumb Code     0  ddiv.o(x$fpl$ddiv)
    _ddiv                                    0x08008fe5   Thumb Code   552  ddiv.o(x$fpl$ddiv)
    __aeabi_cdcmpeq                          0x08009295   Thumb Code     0  deqf.o(x$fpl$deqf)
    _dcmpeq                                  0x08009295   Thumb Code   120  deqf.o(x$fpl$deqf)
    __aeabi_i2d                              0x0800930d   Thumb Code     0  dflt_clz.o(x$fpl$dflt)
    _dflt                                    0x0800930d   Thumb Code    46  dflt_clz.o(x$fpl$dflt)
    __aeabi_ui2d                             0x0800933b   Thumb Code     0  dflt_clz.o(x$fpl$dfltu)
    _dfltu                                   0x0800933b   Thumb Code    38  dflt_clz.o(x$fpl$dfltu)
    __aeabi_cdcmple                          0x08009361   Thumb Code     0  dleqf.o(x$fpl$dleqf)
    _dcmple                                  0x08009361   Thumb Code   120  dleqf.o(x$fpl$dleqf)
    __fpl_dcmple_InfNaN                      0x080093c3   Thumb Code     0  dleqf.o(x$fpl$dleqf)
    __aeabi_dmul                             0x080093d9   Thumb Code     0  dmul.o(x$fpl$dmul)
    _dmul                                    0x080093d9   Thumb Code   332  dmul.o(x$fpl$dmul)
    __fpl_dnaninf                            0x0800952d   Thumb Code   156  dnaninf.o(x$fpl$dnaninf)
    __fpl_dretinf                            0x080095c9   Thumb Code    12  dretinf.o(x$fpl$dretinf)
    __aeabi_cdrcmple                         0x080095d5   Thumb Code     0  drleqf.o(x$fpl$drleqf)
    _drcmple                                 0x080095d5   Thumb Code   108  drleqf.o(x$fpl$drleqf)
    __aeabi_drsub                            0x08009641   Thumb Code     0  daddsub_clz.o(x$fpl$drsb)
    _drsb                                    0x08009641   Thumb Code    22  daddsub_clz.o(x$fpl$drsb)
    _dsqrt                                   0x08009659   Thumb Code   456  dsqrt_noumaal.o(x$fpl$dsqrt)
    __aeabi_dsub                             0x08009825   Thumb Code     0  daddsub_clz.o(x$fpl$dsub)
    _dsub                                    0x08009825   Thumb Code   464  daddsub_clz.o(x$fpl$dsub)
    __aeabi_f2d                              0x080099f9   Thumb Code     0  f2d.o(x$fpl$f2d)
    _f2d                                     0x080099f9   Thumb Code    86  f2d.o(x$fpl$f2d)
    __aeabi_fadd                             0x08009a51   Thumb Code     0  faddsub_clz.o(x$fpl$fadd)
    _fadd                                    0x08009a51   Thumb Code   196  faddsub_clz.o(x$fpl$fadd)
    __fpl_fcheck_NaN1                        0x08009b15   Thumb Code     6  fcheck1.o(x$fpl$fcheck1)
    __aeabi_fdiv                             0x08009b21   Thumb Code     0  fdiv.o(x$fpl$fdiv)
    _fdiv                                    0x08009b21   Thumb Code   384  fdiv.o(x$fpl$fdiv)
    __aeabi_f2iz                             0x08009ca5   Thumb Code     0  ffix.o(x$fpl$ffix)
    _ffix                                    0x08009ca5   Thumb Code    54  ffix.o(x$fpl$ffix)
    __aeabi_f2uiz                            0x08009cdd   Thumb Code     0  ffixu.o(x$fpl$ffixu)
    _ffixu                                   0x08009cdd   Thumb Code    62  ffixu.o(x$fpl$ffixu)
    __aeabi_i2f                              0x08009d1d   Thumb Code     0  fflt_clz.o(x$fpl$fflt)
    _fflt                                    0x08009d1d   Thumb Code    48  fflt_clz.o(x$fpl$fflt)
    __aeabi_ui2f                             0x08009d4d   Thumb Code     0  fflt_clz.o(x$fpl$ffltu)
    _ffltu                                   0x08009d4d   Thumb Code    38  fflt_clz.o(x$fpl$ffltu)
    __aeabi_fmul                             0x08009d75   Thumb Code     0  fmul.o(x$fpl$fmul)
    _fmul                                    0x08009d75   Thumb Code   258  fmul.o(x$fpl$fmul)
    __fpl_fnaninf                            0x08009e77   Thumb Code   140  fnaninf.o(x$fpl$fnaninf)
    __fpl_fretinf                            0x08009f03   Thumb Code    10  fretinf.o(x$fpl$fretinf)
    _frnd                                    0x08009f0d   Thumb Code    96  frnd.o(x$fpl$frnd)
    __aeabi_frsub                            0x08009f6d   Thumb Code     0  faddsub_clz.o(x$fpl$frsb)
    _frsb                                    0x08009f6d   Thumb Code    20  faddsub_clz.o(x$fpl$frsb)
    _fsqrt                                   0x08009f81   Thumb Code   272  fsqrt.o(x$fpl$fsqrt)
    __aeabi_fsub                             0x0800a091   Thumb Code     0  faddsub_clz.o(x$fpl$fsub)
    _fsub                                    0x0800a091   Thumb Code   234  faddsub_clz.o(x$fpl$fsub)
    _printf_fp_dec                           0x0800a17b   Thumb Code     4  printf1.o(x$fpl$printf1)
    __fpl_return_NaN                         0x0800a17f   Thumb Code   100  retnan.o(x$fpl$retnan)
    __ARM_scalbn                             0x0800a1e3   Thumb Code    92  scalbn.o(x$fpl$scalbn)
    __ARM_scalbnf                            0x0800a23f   Thumb Code    76  scalbnf.o(x$fpl$scalbnf)
    __fpl_cmpreturn                          0x0800a28b   Thumb Code    48  trapv.o(x$fpl$trapveneer)
    __I$use$fp                               0x0800a2ba   Number         0  usenofp.o(x$fpl$usenofp)
    img_cloud                                0x0800a2bc   Data           8  app_dino.o(.constdata)
    Dino_Ground_Data                         0x0800a2c4   Data         256  app_dino.o(.constdata)
    img_barrier                              0x0800a3c4   Data          24  app_dino.o(.constdata)
    img_dino                                 0x0800a3dc   Data          24  app_dino.o(.constdata)
    Barrier_Data                             0x0800a3f4   Data         144  app_dino.o(.constdata)
    Cloud_Data                               0x0800a484   Data          16  app_dino.o(.constdata)
    Dino_Data                                0x0800a494   Data         144  app_dino.o(.constdata)
    pauseData                                0x0800a524   Data          24  app_mp3.o(.constdata)
    pauseImg                                 0x0800a53c   Data           8  app_mp3.o(.constdata)
    leftImg                                  0x0800a544   Data           8  app_mp3.o(.constdata)
    rightImg                                 0x0800a54c   Data           8  app_mp3.o(.constdata)
    playImg                                  0x0800a554   Data           8  app_mp3.o(.constdata)
    leftData                                 0x0800a55c   Data          54  app_mp3.o(.constdata)
    rightData                                0x0800a592   Data          54  app_mp3.o(.constdata)
    playData                                 0x0800a5c8   Data          51  app_mp3.o(.constdata)
    ascii_8x6                                0x0800a838   Data         552  font.o(.constdata)
    afont8x6                                 0x0800aa60   Data           8  font.o(.constdata)
    ascii_12x6                               0x0800aa68   Data        1140  font.o(.constdata)
    afont12x6                                0x0800aedc   Data           8  font.o(.constdata)
    ascii_16x8                               0x0800aee4   Data        1520  font.o(.constdata)
    afont16x8                                0x0800b4d4   Data           8  font.o(.constdata)
    ascii_24x12                              0x0800b4dc   Data        3420  font.o(.constdata)
    afont24x12                               0x0800c238   Data           8  font.o(.constdata)
    musicData                                0x0800c240   Data         200  font.o(.constdata)
    musicImg                                 0x0800c308   Data           8  font.o(.constdata)
    clockData                                0x0800c310   Data         200  font.o(.constdata)
    clockImg                                 0x0800c3d8   Data           8  font.o(.constdata)
    messageData                              0x0800c3e0   Data         200  font.o(.constdata)
    messageImg                               0x0800c4a8   Data           8  font.o(.constdata)
    balanceData                              0x0800c4b0   Data         200  font.o(.constdata)
    balanceImg                               0x0800c578   Data           8  font.o(.constdata)
    exitData                                 0x0800c580   Data         200  font.o(.constdata)
    exitImg                                  0x0800c648   Data           8  font.o(.constdata)
    gameData                                 0x0800c650   Data         200  font.o(.constdata)
    gameImg                                  0x0800c718   Data           8  font.o(.constdata)
    settingData                              0x0800c720   Data         200  font.o(.constdata)
    settingImg                               0x0800c7e8   Data           8  font.o(.constdata)
    yuanshenData                             0x0800c7f0   Data        1024  font.o(.constdata)
    yuanshenImg                              0x0800cbf0   Data           8  font.o(.constdata)
    mihayouData                              0x0800cbf8   Data        1024  font.o(.constdata)
    mihayouImg                               0x0800cff8   Data           8  font.o(.constdata)
    flashlightData                           0x0800d000   Data         200  font.o(.constdata)
    flashlightImg                            0x0800d0c8   Data           8  font.o(.constdata)
    AHBPrescTable                            0x0800d0f4   Data          16  system_stm32f1xx.o(.constdata)
    APBPrescTable                            0x0800d104   Data           8  system_stm32f1xx.o(.constdata)
    _monlen                                  0x0800d1b8   Data          12  _monlen.o(.constdata)
    __mathlib_zero                           0x0800d1c8   Data           8  qnan.o(.constdata)
    Region$$Table$$Base                      0x0800d430   Number         0  anon$$obj.o(Region$$Table)
    Region$$Table$$Limit                     0x0800d450   Number         0  anon$$obj.o(Region$$Table)
    Page_Game                                0x200000b4   Data          20  menu_data.o(.data)
    Page_Setting                             0x200000c8   Data          20  menu_data.o(.data)
    Page_DateTime                            0x200000dc   Data          20  menu_data.o(.data)
    Page_TimeSet                             0x200000f0   Data          20  menu_data.o(.data)
    Page_Main                                0x2000010c   Data          20  menu_data.o(.data)
    Page_Fellow                              0x20000120   Data          20  menu_data.o(.data)
    Page_BadDay                              0x20000134   Data          20  menu_data.o(.data)
    MP3_TotalTracks                          0x20000150   Data           2  mp3_player.o(.data)
    KalmanX                                  0x20000160   Data          72  mpu6050.o(.data)
    KalmanY                                  0x200001a8   Data          72  mpu6050.o(.data)
    uwTickFreq                               0x200001f8   Data           1  stm32f1xx_hal.o(.data)
    uwTickPrio                               0x200001fc   Data           4  stm32f1xx_hal.o(.data)
    uwTick                                   0x20000200   Data           4  stm32f1xx_hal.o(.data)
    SystemCoreClock                          0x20000204   Data           4  system_stm32f1xx.o(.data)
    hadc1                                    0x20000208   Data          48  adc.o(.bss)
    hi2c1                                    0x20000238   Data          84  i2c.o(.bss)
    hi2c2                                    0x2000028c   Data          84  i2c.o(.bss)
    hrtc                                     0x200002e0   Data          20  rtc.o(.bss)
    hspi1                                    0x200002f4   Data          88  spi.o(.bss)
    huart2                                   0x2000034c   Data          72  usart.o(.bss)
    OLED_GRAM                                0x20000791   Data        1024  oled.o(.bss)
    g_sys_params                             0x20000b94   Data          20  sys_param.o(.bss)
    _random_number_data                      0x20000ba8   Data         228  rand.o(.bss)
    __libspace_start                         0x20000cb8   Data          96  libspace.o(.bss)
    __temporary_stack_top$libspace           0x20000d18   Data           0  libspace.o(.bss)



==============================================================================

Memory Map of the image

  Image Entry point : 0x080000ed

  Load Region LR_IROM1 (Base: 0x08000000, Size: 0x0000d674, Max: 0x00010000, ABSOLUTE, COMPRESSED[0x0000d50c])

    Execution Region ER_IROM1 (Exec base: 0x08000000, Load base: 0x08000000, Size: 0x0000d46c, Max: 0x00010000, ABSOLUTE)

    Exec Addr    Load Addr    Size         Type   Attr      Idx    E Section Name        Object

    0x08000000   0x08000000   0x000000ec   Data   RO            3    RESET               startup_stm32f103xb.o
    0x080000ec   0x080000ec   0x00000008   Code   RO         4857  * !!!main             c_w.l(__main.o)
    0x080000f4   0x080000f4   0x00000034   Code   RO         5249    !!!scatter          c_w.l(__scatter.o)
    0x08000128   0x08000128   0x0000005a   Code   RO         5247    !!dczerorl2         c_w.l(__dczerorl2.o)
    0x08000182   0x08000182   0x00000002   PAD
    0x08000184   0x08000184   0x0000001c   Code   RO         5251    !!handler_zi        c_w.l(__scatter_zi.o)
    0x080001a0   0x080001a0   0x00000000   Code   RO         4830    .ARM.Collect$$_printf_percent$$00000000  c_w.l(_printf_percent.o)
    0x080001a0   0x080001a0   0x00000006   Code   RO         4829    .ARM.Collect$$_printf_percent$$00000003  c_w.l(_printf_f.o)
    0x080001a6   0x080001a6   0x00000006   Code   RO         4828    .ARM.Collect$$_printf_percent$$00000009  c_w.l(_printf_d.o)
    0x080001ac   0x080001ac   0x00000004   Code   RO         4970    .ARM.Collect$$_printf_percent$$00000017  c_w.l(_printf_percent_end.o)
    0x080001b0   0x080001b0   0x00000002   Code   RO         5169    .ARM.Collect$$libinit$$00000000  c_w.l(libinit.o)
    0x080001b2   0x080001b2   0x00000000   Code   RO         4977    .ARM.Collect$$libinit$$00000002  c_w.l(libinit2.o)
    0x080001b2   0x080001b2   0x00000000   Code   RO         4979    .ARM.Collect$$libinit$$00000004  c_w.l(libinit2.o)
    0x080001b2   0x080001b2   0x00000000   Code   RO         4982    .ARM.Collect$$libinit$$0000000A  c_w.l(libinit2.o)
    0x080001b2   0x080001b2   0x00000000   Code   RO         4984    .ARM.Collect$$libinit$$0000000C  c_w.l(libinit2.o)
    0x080001b2   0x080001b2   0x00000004   Code   RO         4985    .ARM.Collect$$libinit$$0000000D  c_w.l(libinit2.o)
    0x080001b6   0x080001b6   0x00000000   Code   RO         4986    .ARM.Collect$$libinit$$0000000E  c_w.l(libinit2.o)
    0x080001b6   0x080001b6   0x00000006   Code   RO         4987    .ARM.Collect$$libinit$$0000000F  c_w.l(libinit2.o)
    0x080001bc   0x080001bc   0x00000000   Code   RO         4989    .ARM.Collect$$libinit$$00000011  c_w.l(libinit2.o)
    0x080001bc   0x080001bc   0x00000000   Code   RO         4991    .ARM.Collect$$libinit$$00000013  c_w.l(libinit2.o)
    0x080001bc   0x080001bc   0x00000000   Code   RO         4993    .ARM.Collect$$libinit$$00000015  c_w.l(libinit2.o)
    0x080001bc   0x080001bc   0x0000000a   Code   RO         4994    .ARM.Collect$$libinit$$00000016  c_w.l(libinit2.o)
    0x080001c6   0x080001c6   0x00000000   Code   RO         4995    .ARM.Collect$$libinit$$00000017  c_w.l(libinit2.o)
    0x080001c6   0x080001c6   0x00000000   Code   RO         4997    .ARM.Collect$$libinit$$00000019  c_w.l(libinit2.o)
    0x080001c6   0x080001c6   0x00000000   Code   RO         4999    .ARM.Collect$$libinit$$0000001B  c_w.l(libinit2.o)
    0x080001c6   0x080001c6   0x00000000   Code   RO         5001    .ARM.Collect$$libinit$$0000001D  c_w.l(libinit2.o)
    0x080001c6   0x080001c6   0x00000000   Code   RO         5003    .ARM.Collect$$libinit$$0000001F  c_w.l(libinit2.o)
    0x080001c6   0x080001c6   0x00000000   Code   RO         5005    .ARM.Collect$$libinit$$00000021  c_w.l(libinit2.o)
    0x080001c6   0x080001c6   0x00000000   Code   RO         5007    .ARM.Collect$$libinit$$00000023  c_w.l(libinit2.o)
    0x080001c6   0x080001c6   0x00000000   Code   RO         5009    .ARM.Collect$$libinit$$00000025  c_w.l(libinit2.o)
    0x080001c6   0x080001c6   0x00000000   Code   RO         5013    .ARM.Collect$$libinit$$0000002C  c_w.l(libinit2.o)
    0x080001c6   0x080001c6   0x00000000   Code   RO         5015    .ARM.Collect$$libinit$$0000002E  c_w.l(libinit2.o)
    0x080001c6   0x080001c6   0x00000000   Code   RO         5017    .ARM.Collect$$libinit$$00000030  c_w.l(libinit2.o)
    0x080001c6   0x080001c6   0x00000000   Code   RO         5019    .ARM.Collect$$libinit$$00000032  c_w.l(libinit2.o)
    0x080001c6   0x080001c6   0x00000002   Code   RO         5020    .ARM.Collect$$libinit$$00000033  c_w.l(libinit2.o)
    0x080001c8   0x080001c8   0x00000002   Code   RO         5208    .ARM.Collect$$libshutdown$$00000000  c_w.l(libshutdown.o)
    0x080001ca   0x080001ca   0x00000000   Code   RO         5214    .ARM.Collect$$libshutdown$$00000002  c_w.l(libshutdown2.o)
    0x080001ca   0x080001ca   0x00000000   Code   RO         5216    .ARM.Collect$$libshutdown$$00000004  c_w.l(libshutdown2.o)
    0x080001ca   0x080001ca   0x00000000   Code   RO         5219    .ARM.Collect$$libshutdown$$00000007  c_w.l(libshutdown2.o)
    0x080001ca   0x080001ca   0x00000000   Code   RO         5222    .ARM.Collect$$libshutdown$$0000000A  c_w.l(libshutdown2.o)
    0x080001ca   0x080001ca   0x00000000   Code   RO         5224    .ARM.Collect$$libshutdown$$0000000C  c_w.l(libshutdown2.o)
    0x080001ca   0x080001ca   0x00000000   Code   RO         5227    .ARM.Collect$$libshutdown$$0000000F  c_w.l(libshutdown2.o)
    0x080001ca   0x080001ca   0x00000002   Code   RO         5228    .ARM.Collect$$libshutdown$$00000010  c_w.l(libshutdown2.o)
    0x080001cc   0x080001cc   0x00000000   Code   RO         4959    .ARM.Collect$$rtentry$$00000000  c_w.l(__rtentry.o)
    0x080001cc   0x080001cc   0x00000000   Code   RO         5083    .ARM.Collect$$rtentry$$00000002  c_w.l(__rtentry2.o)
    0x080001cc   0x080001cc   0x00000006   Code   RO         5095    .ARM.Collect$$rtentry$$00000004  c_w.l(__rtentry4.o)
    0x080001d2   0x080001d2   0x00000000   Code   RO         5085    .ARM.Collect$$rtentry$$00000009  c_w.l(__rtentry2.o)
    0x080001d2   0x080001d2   0x00000004   Code   RO         5086    .ARM.Collect$$rtentry$$0000000A  c_w.l(__rtentry2.o)
    0x080001d6   0x080001d6   0x00000000   Code   RO         5088    .ARM.Collect$$rtentry$$0000000C  c_w.l(__rtentry2.o)
    0x080001d6   0x080001d6   0x00000008   Code   RO         5089    .ARM.Collect$$rtentry$$0000000D  c_w.l(__rtentry2.o)
    0x080001de   0x080001de   0x00000002   Code   RO         5176    .ARM.Collect$$rtexit$$00000000  c_w.l(rtexit.o)
    0x080001e0   0x080001e0   0x00000000   Code   RO         5188    .ARM.Collect$$rtexit$$00000002  c_w.l(rtexit2.o)
    0x080001e0   0x080001e0   0x00000004   Code   RO         5189    .ARM.Collect$$rtexit$$00000003  c_w.l(rtexit2.o)
    0x080001e4   0x080001e4   0x00000006   Code   RO         5190    .ARM.Collect$$rtexit$$00000004  c_w.l(rtexit2.o)
    0x080001ea   0x080001ea   0x00000002   PAD
    0x080001ec   0x080001ec   0x00000034   Code   RO         4831    .emb_text           c_w.l(rand.o)
    0x08000220   0x08000220   0x00000040   Code   RO            4    .text               startup_stm32f103xb.o
    0x08000260   0x08000260   0x00000028   Code   RO         4778    .text               c_w.l(noretval__2sprintf.o)
    0x08000288   0x08000288   0x0000004e   Code   RO         4782    .text               c_w.l(_printf_pad.o)
    0x080002d6   0x080002d6   0x00000002   PAD
    0x080002d8   0x080002d8   0x00000078   Code   RO         4784    .text               c_w.l(_printf_dec.o)
    0x08000350   0x08000350   0x00000188   Code   RO         4824    .text               c_w.l(__printf_flags_ss_wp.o)
    0x080004d8   0x080004d8   0x0000003c   Code   RO         4832    .text               c_w.l(rand.o)
    0x08000514   0x08000514   0x00000048   Code   RO         4838    .text               c_w.l(strcpy.o)
    0x0800055c   0x0800055c   0x0000003e   Code   RO         4840    .text               c_w.l(strlen.o)
    0x0800059a   0x0800059a   0x0000008a   Code   RO         4842    .text               c_w.l(rt_memcpy_v6.o)
    0x08000624   0x08000624   0x00000044   Code   RO         4846    .text               c_w.l(rt_memclr.o)
    0x08000668   0x08000668   0x0000004e   Code   RO         4848    .text               c_w.l(rt_memclr_w.o)
    0x080006b6   0x080006b6   0x00000002   PAD
    0x080006b8   0x080006b8   0x0000000c   Code   RO         4850    .text               c_w.l(localtime.o)
    0x080006c4   0x080006c4   0x000001ac   Code   RO         4853    .text               c_w.l(mktime.o)
    0x08000870   0x08000870   0x00000006   Code   RO         4855    .text               c_w.l(heapauxi.o)
    0x08000876   0x08000876   0x00000016   Code   RO         4960    .text               c_w.l(_rserrno.o)
    0x0800088c   0x0800088c   0x000000b2   Code   RO         4962    .text               c_w.l(_printf_intcommon.o)
    0x0800093e   0x0800093e   0x0000041e   Code   RO         4964    .text               c_w.l(_printf_fp_dec.o)
    0x08000d5c   0x08000d5c   0x00000030   Code   RO         4966    .text               c_w.l(_printf_char_common.o)
    0x08000d8c   0x08000d8c   0x0000000a   Code   RO         4968    .text               c_w.l(_sputc.o)
    0x08000d96   0x08000d96   0x00000064   Code   RO         4971    .text               c_w.l(rt_memcpy_w.o)
    0x08000dfa   0x08000dfa   0x00000002   PAD
    0x08000dfc   0x08000dfc   0x000000b8   Code   RO         4974    .text               c_w.l(localtime_internal.o)
    0x08000eb4   0x08000eb4   0x00000008   Code   RO         5100    .text               c_w.l(rt_locale_intlibspace.o)
    0x08000ebc   0x08000ebc   0x00000008   Code   RO         5105    .text               c_w.l(rt_errno_addr_intlibspace.o)
    0x08000ec4   0x08000ec4   0x0000008a   Code   RO         5107    .text               c_w.l(lludiv10.o)
    0x08000f4e   0x08000f4e   0x00000002   PAD
    0x08000f50   0x08000f50   0x00000080   Code   RO         5109    .text               c_w.l(_printf_fp_infnan.o)
    0x08000fd0   0x08000fd0   0x000000e4   Code   RO         5113    .text               c_w.l(bigflt0.o)
    0x080010b4   0x080010b4   0x00000008   Code   RO         5151    .text               c_w.l(libspace.o)
    0x080010bc   0x080010bc   0x0000004a   Code   RO         5154    .text               c_w.l(sys_stackheap_outer.o)
    0x08001106   0x08001106   0x00000012   Code   RO         5156    .text               c_w.l(exit.o)
    0x08001118   0x08001118   0x00000080   Code   RO         5158    .text               c_w.l(strcmpv7m.o)
    0x08001198   0x08001198   0x00000002   Code   RO         5184    .text               c_w.l(use_no_semi.o)
    0x0800119a   0x0800119a   0x00000000   Code   RO         5186    .text               c_w.l(indicate_semi.o)
    0x0800119a   0x0800119a   0x00000002   PAD
    0x0800119c   0x0800119c   0x0000000c   Code   RO         5200    .text               c_w.l(sys_exit.o)
    0x080011a8   0x080011a8   0x0000003e   Code   RO         5116    CL$$btod_d2e        c_w.l(btod.o)
    0x080011e6   0x080011e6   0x00000046   Code   RO         5118    CL$$btod_d2e_denorm_low  c_w.l(btod.o)
    0x0800122c   0x0800122c   0x00000060   Code   RO         5117    CL$$btod_d2e_norm_op1  c_w.l(btod.o)
    0x0800128c   0x0800128c   0x00000338   Code   RO         5126    CL$$btod_div_common  c_w.l(btod.o)
    0x080015c4   0x080015c4   0x000000dc   Code   RO         5123    CL$$btod_e2e        c_w.l(btod.o)
    0x080016a0   0x080016a0   0x0000002a   Code   RO         5120    CL$$btod_ediv       c_w.l(btod.o)
    0x080016ca   0x080016ca   0x0000002a   Code   RO         5119    CL$$btod_emul       c_w.l(btod.o)
    0x080016f4   0x080016f4   0x00000244   Code   RO         5125    CL$$btod_mult_common  c_w.l(btod.o)
    0x08001938   0x08001938   0x00000056   Code   RO         2090    i.ADC_ConversionStop_Disable  stm32f1xx_hal_adc.o
    0x0800198e   0x0800198e   0x00000002   PAD
    0x08001990   0x08001990   0x0000007c   Code   RO         2094    i.ADC_Enable        stm32f1xx_hal_adc.o
    0x08001a0c   0x08001a0c   0x00000108   Code   RO          573    i.App_About_Loop    app_adout.o
    0x08001b14   0x08001b14   0x000000ac   Code   RO          890    i.App_Alarm_Ring_Loop  app_timer.o
    0x08001bc0   0x08001bc0   0x0000017c   Code   RO          891    i.App_Alarm_Set_Loop  app_timer.o
    0x08001d3c   0x08001d3c   0x000001a4   Code   RO          599    i.App_Dino_Loop     app_dino.o
    0x08001ee0   0x08001ee0   0x0000011c   Code   RO          676    i.App_FlashlightLoop  app_flashlight.o
    0x08001ffc   0x08001ffc   0x000000e0   Code   RO          705    i.App_Gradienter_Loop  app_gradienter.o
    0x080020dc   0x080020dc   0x00000184   Code   RO         1290    i.App_Home_Loop     menu_data.o
    0x08002260   0x08002260   0x000002d0   Code   RO          764    i.App_MP3_Loop      app_mp3.o
    0x08002530   0x08002530   0x00000140   Code   RO          732    i.App_Message_Loop  app_message.o
    0x08002670   0x08002670   0x00000100   Code   RO          799    i.App_Set_Brightness_Loop  app_setting.o
    0x08002770   0x08002770   0x00000158   Code   RO          800    i.App_Set_Date_Loop  app_setting.o
    0x080028c8   0x080028c8   0x00000158   Code   RO          801    i.App_Set_Sleep_Loop  app_setting.o
    0x08002a20   0x08002a20   0x0000015c   Code   RO          802    i.App_Set_Sound_Loop  app_setting.o
    0x08002b7c   0x08002b7c   0x00000150   Code   RO          803    i.App_Set_Time_Loop  app_setting.o
    0x08002ccc   0x08002ccc   0x0000027c   Code   RO          892    i.App_Stopwatch_Loop  app_timer.o
    0x08002f48   0x08002f48   0x000001e8   Code   RO          804    i.App_System_Info_Loop  app_setting.o
    0x08003130   0x08003130   0x0000017c   Code   RO          944    i.App_Tetris_Loop   game.o
    0x080032ac   0x080032ac   0x00000090   Code   RO          805    i.App_Toggle_Format  app_setting.o
    0x0800333c   0x0800333c   0x00000034   Code   RO         2008    i.Apply_Params      sys_param.o
    0x08003370   0x08003370   0x00000038   Code   RO         1378    i.Battery_Get_ADC_Value  battery.o
    0x080033a8   0x080033a8   0x0000002e   Code   RO         1379    i.Battery_Get_Percentage  battery.o
    0x080033d6   0x080033d6   0x00000002   PAD
    0x080033d8   0x080033d8   0x00000010   Code   RO         1381    i.Battery_Init      battery.o
    0x080033e8   0x080033e8   0x00000002   Code   RO          467    i.BusFault_Handler  stm32f1xx_it.o
    0x080033ea   0x080033ea   0x00000016   Code   RO         2009    i.Calc_Checksum     sys_param.o
    0x08003400   0x08003400   0x00000068   Code   RO          945    i.CheckCollision    game.o
    0x08003468   0x08003468   0x00000060   Code   RO         1042    i.Check_Raise_Wakeup  app_power.o
    0x080034c8   0x080034c8   0x00000080   Code   RO          946    i.ClearLines        game.o
    0x08003548   0x08003548   0x0000003c   Code   RO         1104    i.Clock_GetDateValues  clock.o
    0x08003584   0x08003584   0x00000008   Code   RO         1105    i.Clock_GetDisplayTime  clock.o
    0x0800358c   0x0800358c   0x0000000c   Code   RO         1106    i.Clock_GetFormat   clock.o
    0x08003598   0x08003598   0x0000002c   Code   RO         1107    i.Clock_GetTimeValues  clock.o
    0x080035c4   0x080035c4   0x00000004   Code   RO         1108    i.Clock_Init        clock.o
    0x080035c8   0x080035c8   0x00000038   Code   RO         1109    i.Clock_SetDate     clock.o
    0x08003600   0x08003600   0x00000030   Code   RO         1111    i.Clock_SetTime     clock.o
    0x08003630   0x08003630   0x00000014   Code   RO         1112    i.Clock_ToggleFormat  clock.o
    0x08003644   0x08003644   0x000000c8   Code   RO         1113    i.Clock_UpdateTime  clock.o
    0x0800370c   0x0800370c   0x00000002   Code   RO          468    i.DebugMon_Handler  stm32f1xx_it.o
    0x0800370e   0x0800370e   0x00000002   PAD
    0x08003710   0x08003710   0x00000028   Code   RO          600    i.Dino_InitGame     app_dino.o
    0x08003738   0x08003738   0x0000007e   Code   RO          947    i.DrawChar_Rotated  game.o
    0x080037b6   0x080037b6   0x00000002   PAD
    0x080037b8   0x080037b8   0x00000098   Code   RO          948    i.DrawDifficultyMenu  game.o
    0x08003850   0x08003850   0x0000006c   Code   RO          950    i.DrawRotatedBlock  game.o
    0x080038bc   0x080038bc   0x0000002a   Code   RO          951    i.DrawString_Rotated  game.o
    0x080038e6   0x080038e6   0x00000002   PAD
    0x080038e8   0x080038e8   0x00000124   Code   RO          952    i.DrawTetris        game.o
    0x08003a0c   0x08003a0c   0x00000004   Code   RO           13    i.Error_Handler     main.o
    0x08003a10   0x08003a10   0x0000001c   Code   RO         1043    i.Exit_Sleep        app_power.o
    0x08003a2c   0x08003a2c   0x00000038   Code   RO          953    i.GetRotatedPoint   game.o
    0x08003a64   0x08003a64   0x00000088   Code   RO          806    i.Get_MCU_Temperature  app_setting.o
    0x08003aec   0x08003aec   0x000000fc   Code   RO         2096    i.HAL_ADC_ConfigChannel  stm32f1xx_hal_adc.o
    0x08003be8   0x08003be8   0x00000006   Code   RO         2103    i.HAL_ADC_GetValue  stm32f1xx_hal_adc.o
    0x08003bee   0x08003bee   0x00000002   PAD
    0x08003bf0   0x08003bf0   0x0000011c   Code   RO         2105    i.HAL_ADC_Init      stm32f1xx_hal_adc.o
    0x08003d0c   0x08003d0c   0x00000058   Code   RO          252    i.HAL_ADC_MspInit   adc.o
    0x08003d64   0x08003d64   0x0000013c   Code   RO         2109    i.HAL_ADC_PollForConversion  stm32f1xx_hal_adc.o
    0x08003ea0   0x08003ea0   0x000000c0   Code   RO         2111    i.HAL_ADC_Start     stm32f1xx_hal_adc.o
    0x08003f60   0x08003f60   0x00000034   Code   RO         2114    i.HAL_ADC_Stop      stm32f1xx_hal_adc.o
    0x08003f94   0x08003f94   0x00000046   Code   RO         2747    i.HAL_DMA_Abort     stm32f1xx_hal_dma.o
    0x08003fda   0x08003fda   0x00000002   PAD
    0x08003fdc   0x08003fdc   0x00000098   Code   RO         2748    i.HAL_DMA_Abort_IT  stm32f1xx_hal_dma.o
    0x08004074   0x08004074   0x00000024   Code   RO         2373    i.HAL_Delay         stm32f1xx_hal.o
    0x08004098   0x08004098   0x000001e0   Code   RO         2683    i.HAL_GPIO_Init     stm32f1xx_hal_gpio.o
    0x08004278   0x08004278   0x0000000a   Code   RO         2685    i.HAL_GPIO_ReadPin  stm32f1xx_hal_gpio.o
    0x08004282   0x08004282   0x0000000a   Code   RO         2687    i.HAL_GPIO_WritePin  stm32f1xx_hal_gpio.o
    0x0800428c   0x0800428c   0x0000000c   Code   RO         2377    i.HAL_GetTick       stm32f1xx_hal.o
    0x08004298   0x08004298   0x00000188   Code   RO         3354    i.HAL_I2C_Init      stm32f1xx_hal_i2c.o
    0x08004420   0x08004420   0x0000012c   Code   RO         3367    i.HAL_I2C_Master_Transmit  stm32f1xx_hal_i2c.o
    0x0800454c   0x0800454c   0x0000025c   Code   RO         3372    i.HAL_I2C_Mem_Read  stm32f1xx_hal_i2c.o
    0x080047a8   0x080047a8   0x00000130   Code   RO         3375    i.HAL_I2C_Mem_Write  stm32f1xx_hal_i2c.o
    0x080048d8   0x080048d8   0x000000a8   Code   RO          294    i.HAL_I2C_MspInit   i2c.o
    0x08004980   0x08004980   0x00000010   Code   RO         2383    i.HAL_IncTick       stm32f1xx_hal.o
    0x08004990   0x08004990   0x00000024   Code   RO         2384    i.HAL_Init          stm32f1xx_hal.o
    0x080049b4   0x080049b4   0x00000040   Code   RO         2385    i.HAL_InitTick      stm32f1xx_hal.o
    0x080049f4   0x080049f4   0x0000003c   Code   RO          549    i.HAL_MspInit       stm32f1xx_hal_msp.o
    0x08004a30   0x08004a30   0x0000001a   Code   RO         2843    i.HAL_NVIC_EnableIRQ  stm32f1xx_hal_cortex.o
    0x08004a4a   0x08004a4a   0x00000002   PAD
    0x08004a4c   0x08004a4c   0x00000040   Code   RO         2849    i.HAL_NVIC_SetPriority  stm32f1xx_hal_cortex.o
    0x08004a8c   0x08004a8c   0x00000024   Code   RO         2850    i.HAL_NVIC_SetPriorityGrouping  stm32f1xx_hal_cortex.o
    0x08004ab0   0x08004ab0   0x0000000c   Code   RO         2965    i.HAL_PWR_EnableBkUpAccess  stm32f1xx_hal_pwr.o
    0x08004abc   0x08004abc   0x000000a4   Code   RO         2644    i.HAL_RCCEx_GetPeriphCLKFreq  stm32f1xx_hal_rcc_ex.o
    0x08004b60   0x08004b60   0x000000ec   Code   RO         2645    i.HAL_RCCEx_PeriphCLKConfig  stm32f1xx_hal_rcc_ex.o
    0x08004c4c   0x08004c4c   0x0000012c   Code   RO         2541    i.HAL_RCC_ClockConfig  stm32f1xx_hal_rcc.o
    0x08004d78   0x08004d78   0x00000020   Code   RO         2548    i.HAL_RCC_GetPCLK1Freq  stm32f1xx_hal_rcc.o
    0x08004d98   0x08004d98   0x00000020   Code   RO         2549    i.HAL_RCC_GetPCLK2Freq  stm32f1xx_hal_rcc.o
    0x08004db8   0x08004db8   0x0000004c   Code   RO         2550    i.HAL_RCC_GetSysClockFreq  stm32f1xx_hal_rcc.o
    0x08004e04   0x08004e04   0x00000320   Code   RO         2553    i.HAL_RCC_OscConfig  stm32f1xx_hal_rcc.o
    0x08005124   0x08005124   0x00000010   Code   RO         3950    i.HAL_RTCEx_BKUPRead  stm32f1xx_hal_rtc_ex.o
    0x08005134   0x08005134   0x00000010   Code   RO         3951    i.HAL_RTCEx_BKUPWrite  stm32f1xx_hal_rtc_ex.o
    0x08005144   0x08005144   0x00000094   Code   RO         3788    i.HAL_RTC_Init      stm32f1xx_hal_rtc.o
    0x080051d8   0x080051d8   0x00000034   Code   RO          342    i.HAL_RTC_MspInit   rtc.o
    0x0800520c   0x0800520c   0x000000c4   Code   RO         3794    i.HAL_RTC_SetDate   stm32f1xx_hal_rtc.o
    0x080052d0   0x080052d0   0x000000ac   Code   RO         3795    i.HAL_RTC_SetTime   stm32f1xx_hal_rtc.o
    0x0800537c   0x0800537c   0x0000003a   Code   RO         3796    i.HAL_RTC_WaitForSynchro  stm32f1xx_hal_rtc.o
    0x080053b6   0x080053b6   0x000000b2   Code   RO         4063    i.HAL_SPI_Init      stm32f1xx_hal_spi.o
    0x08005468   0x08005468   0x00000070   Code   RO          384    i.HAL_SPI_MspInit   spi.o
    0x080054d8   0x080054d8   0x000001f0   Code   RO         4072    i.HAL_SPI_TransmitReceive  stm32f1xx_hal_spi.o
    0x080056c8   0x080056c8   0x00000028   Code   RO         2854    i.HAL_SYSTICK_Config  stm32f1xx_hal_cortex.o
    0x080056f0   0x080056f0   0x00000002   Code   RO         4386    i.HAL_UARTEx_RxEventCallback  stm32f1xx_hal_uart.o
    0x080056f2   0x080056f2   0x00000002   Code   RO         4400    i.HAL_UART_ErrorCallback  stm32f1xx_hal_uart.o
    0x080056f4   0x080056f4   0x0000026c   Code   RO         4403    i.HAL_UART_IRQHandler  stm32f1xx_hal_uart.o
    0x08005960   0x08005960   0x00000064   Code   RO         4404    i.HAL_UART_Init     stm32f1xx_hal_uart.o
    0x080059c4   0x080059c4   0x00000080   Code   RO          426    i.HAL_UART_MspInit  usart.o
    0x08005a44   0x08005a44   0x000000b0   Code   RO         4407    i.HAL_UART_Receive  stm32f1xx_hal_uart.o
    0x08005af4   0x08005af4   0x00000002   Code   RO         4410    i.HAL_UART_RxCpltCallback  stm32f1xx_hal_uart.o
    0x08005af6   0x08005af6   0x000000a0   Code   RO         4412    i.HAL_UART_Transmit  stm32f1xx_hal_uart.o
    0x08005b96   0x08005b96   0x00000002   Code   RO         4415    i.HAL_UART_TxCpltCallback  stm32f1xx_hal_uart.o
    0x08005b98   0x08005b98   0x00000002   Code   RO          469    i.HardFault_Handler  stm32f1xx_it.o
    0x08005b9a   0x08005b9a   0x0000002e   Code   RO         3397    i.I2C_IsAcknowledgeFailed  stm32f1xx_hal_i2c.o
    0x08005bc8   0x08005bc8   0x0000009c   Code   RO         3401    i.I2C_MasterRequestWrite  stm32f1xx_hal_i2c.o
    0x08005c64   0x08005c64   0x000000fc   Code   RO         3407    i.I2C_RequestMemoryRead  stm32f1xx_hal_i2c.o
    0x08005d60   0x08005d60   0x000000a8   Code   RO         3408    i.I2C_RequestMemoryWrite  stm32f1xx_hal_i2c.o
    0x08005e08   0x08005e08   0x00000056   Code   RO         3412    i.I2C_WaitOnBTFFlagUntilTimeout  stm32f1xx_hal_i2c.o
    0x08005e5e   0x08005e5e   0x00000002   PAD
    0x08005e60   0x08005e60   0x00000090   Code   RO         3413    i.I2C_WaitOnFlagUntilTimeout  stm32f1xx_hal_i2c.o
    0x08005ef0   0x08005ef0   0x000000bc   Code   RO         3414    i.I2C_WaitOnMasterAddressFlagUntilTimeout  stm32f1xx_hal_i2c.o
    0x08005fac   0x08005fac   0x00000070   Code   RO         3415    i.I2C_WaitOnRXNEFlagUntilTimeout  stm32f1xx_hal_i2c.o
    0x0800601c   0x0800601c   0x00000056   Code   RO         3416    i.I2C_WaitOnTXEFlagUntilTimeout  stm32f1xx_hal_i2c.o
    0x08006072   0x08006072   0x0000018c   Code   RO         1627    i.Kalman_getAngle   mpu6050.o
    0x080061fe   0x080061fe   0x00000002   PAD
    0x08006200   0x08006200   0x0000004c   Code   RO         1466    i.Key_GetRawState   key.o
    0x0800624c   0x0800624c   0x0000003c   Code   RO         1467    i.Key_IsSingleClick  key.o
    0x08006288   0x08006288   0x0000005c   Code   RO          954    i.LockBlock         game.o
    0x080062e4   0x080062e4   0x00000010   Code   RO         1498    i.MP3_Amp_Off       mp3_player.o
    0x080062f4   0x080062f4   0x00000010   Code   RO         1499    i.MP3_Amp_On        mp3_player.o
    0x08006304   0x08006304   0x0000000c   Code   RO         1500    i.MP3_GetMuteStatus  mp3_player.o
    0x08006310   0x08006310   0x00000094   Code   RO         1501    i.MP3_Init_Async    mp3_player.o
    0x080063a4   0x080063a4   0x0000000c   Code   RO         1502    i.MP3_IsPlaying     mp3_player.o
    0x080063b0   0x080063b0   0x00000020   Code   RO         1505    i.MP3_Next          mp3_player.o
    0x080063d0   0x080063d0   0x0000001c   Code   RO         1506    i.MP3_Pause         mp3_player.o
    0x080063ec   0x080063ec   0x00000020   Code   RO         1507    i.MP3_Play          mp3_player.o
    0x0800640c   0x0800640c   0x00000024   Code   RO         1508    i.MP3_PlayTrack     mp3_player.o
    0x08006430   0x08006430   0x00000020   Code   RO         1509    i.MP3_Prev          mp3_player.o
    0x08006450   0x08006450   0x00000058   Code   RO         1511    i.MP3_SendCmd       mp3_player.o
    0x080064a8   0x080064a8   0x0000001c   Code   RO         1512    i.MP3_SetMuteStatus  mp3_player.o
    0x080064c4   0x080064c4   0x0000000e   Code   RO         1513    i.MP3_SetVolume     mp3_player.o
    0x080064d2   0x080064d2   0x00000002   PAD
    0x080064d4   0x080064d4   0x0000001c   Code   RO         1514    i.MP3_Stop          mp3_player.o
    0x080064f0   0x080064f0   0x00000014   Code   RO         1515    i.MP3_TogglePlayback  mp3_player.o
    0x08006504   0x08006504   0x00000008   Code   RO         1628    i.MPU6050_GetDataPtr  mpu6050.o
    0x0800650c   0x0800650c   0x000000a0   Code   RO         1629    i.MPU6050_Init      mpu6050.o
    0x080065ac   0x080065ac   0x000002b8   Code   RO         1630    i.MPU6050_Read_All  mpu6050.o
    0x08006864   0x08006864   0x00000010   Code   RO         1631    i.MPU6050_Update_Task  mpu6050.o
    0x08006874   0x08006874   0x00000050   Code   RO          253    i.MX_ADC1_Init      adc.o
    0x080068c4   0x080068c4   0x000000fc   Code   RO          227    i.MX_GPIO_Init      gpio.o
    0x080069c0   0x080069c0   0x00000040   Code   RO          295    i.MX_I2C1_Init      i2c.o
    0x08006a00   0x08006a00   0x00000040   Code   RO          296    i.MX_I2C2_Init      i2c.o
    0x08006a40   0x08006a40   0x00000088   Code   RO          343    i.MX_RTC_Init       rtc.o
    0x08006ac8   0x08006ac8   0x00000048   Code   RO          385    i.MX_SPI1_Init      spi.o
    0x08006b10   0x08006b10   0x00000038   Code   RO          427    i.MX_USART2_UART_Init  usart.o
    0x08006b48   0x08006b48   0x00000002   Code   RO          470    i.MemManage_Handler  stm32f1xx_it.o
    0x08006b4a   0x08006b4a   0x00000002   PAD
    0x08006b4c   0x08006b4c   0x0000005c   Code   RO         1209    i.Menu_Check_PowerKey  menu_core.o
    0x08006ba8   0x08006ba8   0x000001b8   Code   RO         1210    i.Menu_Draw_Carousel  menu_core.o
    0x08006d60   0x08006d60   0x00000104   Code   RO         1211    i.Menu_Draw_GenericList  menu_core.o
    0x08006e64   0x08006e64   0x00000084   Code   RO         1212    i.Menu_Draw_PowerPopup  menu_core.o
    0x08006ee8   0x08006ee8   0x0000000c   Code   RO         1213    i.Menu_Init         menu_core.o
    0x08006ef4   0x08006ef4   0x00000018   Code   RO         1292    i.Menu_LoadInitialState  menu_data.o
    0x08006f0c   0x08006f0c   0x000000d4   Code   RO         1214    i.Menu_Loop         menu_core.o
    0x08006fe0   0x08006fe0   0x0000005c   Code   RO         1215    i.Menu_NavigateBack  menu_core.o
    0x0800703c   0x0800703c   0x0000008c   Code   RO         1293    i.Menu_PlayBootAnimation  menu_data.o
    0x080070c8   0x080070c8   0x000000c8   Code   RO         1216    i.Menu_Process_Navigate  menu_core.o
    0x08007190   0x08007190   0x00000010   Code   RO         1217    i.Menu_SwitchToApp  menu_core.o
    0x080071a0   0x080071a0   0x0000000c   Code   RO         1218    i.Menu_SwitchToMenu  menu_core.o
    0x080071ac   0x080071ac   0x00000002   Code   RO          471    i.NMI_Handler       stm32f1xx_it.o
    0x080071ae   0x080071ae   0x00000018   Code   RO         1681    i.OLED_DisPlay_Off  oled.o
    0x080071c6   0x080071c6   0x00000018   Code   RO         1682    i.OLED_DisPlay_On   oled.o
    0x080071de   0x080071de   0x00000002   PAD
    0x080071e0   0x080071e0   0x000000f0   Code   RO         1683    i.OLED_DrawCircle   oled.o
    0x080072d0   0x080072d0   0x000000ae   Code   RO         1685    i.OLED_DrawFilledCircle  oled.o
    0x0800737e   0x0800737e   0x00000032   Code   RO         1686    i.OLED_DrawFilledRectangle  oled.o
    0x080073b0   0x080073b0   0x00000012   Code   RO         1688    i.OLED_DrawImage    oled.o
    0x080073c2   0x080073c2   0x00000002   PAD
    0x080073c4   0x080073c4   0x00000104   Code   RO         1689    i.OLED_DrawLine     oled.o
    0x080074c8   0x080074c8   0x00000048   Code   RO         1690    i.OLED_DrawRectangle  oled.o
    0x08007510   0x08007510   0x000000b6   Code   RO         1692    i.OLED_Init         oled.o
    0x080075c6   0x080075c6   0x00000002   PAD
    0x080075c8   0x080075c8   0x00000010   Code   RO         1693    i.OLED_NewFrame     oled.o
    0x080075d8   0x080075d8   0x00000020   Code   RO         1694    i.OLED_PrintASCIIChar  oled.o
    0x080075f8   0x080075f8   0x0000002e   Code   RO         1695    i.OLED_PrintASCIIString  oled.o
    0x08007626   0x08007626   0x00000002   PAD
    0x08007628   0x08007628   0x0000001c   Code   RO         1697    i.OLED_Send         oled.o
    0x08007644   0x08007644   0x00000010   Code   RO         1698    i.OLED_SendCmd      oled.o
    0x08007654   0x08007654   0x00000048   Code   RO         1699    i.OLED_SetBits      oled.o
    0x0800769c   0x0800769c   0x00000068   Code   RO         1700    i.OLED_SetBits_Fine  oled.o
    0x08007704   0x08007704   0x00000088   Code   RO         1701    i.OLED_SetBlock     oled.o
    0x0800778c   0x0800778c   0x000000a0   Code   RO         1702    i.OLED_SetBrightness  oled.o
    0x0800782c   0x0800782c   0x00000048   Code   RO         1704    i.OLED_SetByte_Fine  oled.o
    0x08007874   0x08007874   0x00000012   Code   RO         1705    i.OLED_SetColorMode  oled.o
    0x08007886   0x08007886   0x00000002   PAD
    0x08007888   0x08007888   0x00000030   Code   RO         1706    i.OLED_SetPixel     oled.o
    0x080078b8   0x080078b8   0x00000048   Code   RO         1707    i.OLED_ShowFrame    oled.o
    0x08007900   0x08007900   0x000000bc   Code   RO         1708    i.OLED_ShowGBK      oled.o
    0x080079bc   0x080079bc   0x00000002   Code   RO          472    i.PendSV_Handler    stm32f1xx_it.o
    0x080079be   0x080079be   0x00000002   PAD
    0x080079c0   0x080079c0   0x0000000c   Code   RO         1044    i.Power_GetTimeout  app_power.o
    0x080079cc   0x080079cc   0x00000014   Code   RO         1045    i.Power_Init        app_power.o
    0x080079e0   0x080079e0   0x00000010   Code   RO         1046    i.Power_ResetTimer  app_power.o
    0x080079f0   0x080079f0   0x0000000c   Code   RO         1047    i.Power_SetTimeout  app_power.o
    0x080079fc   0x080079fc   0x00000090   Code   RO         1048    i.Power_Update      app_power.o
    0x08007a8c   0x08007a8c   0x00000012   Code   RO         3797    i.RTC_Bcd2ToByte    stm32f1xx_hal_rtc.o
    0x08007a9e   0x08007a9e   0x00000034   Code   RO         3800    i.RTC_EnterInitMode  stm32f1xx_hal_rtc.o
    0x08007ad2   0x08007ad2   0x00000002   PAD
    0x08007ad4   0x08007ad4   0x00000036   Code   RO         3801    i.RTC_ExitInitMode  stm32f1xx_hal_rtc.o
    0x08007b0a   0x08007b0a   0x00000002   PAD
    0x08007b0c   0x08007b0c   0x00000014   Code   RO         1114    i.RTC_GetCounter    clock.o
    0x08007b20   0x08007b20   0x0000000e   Code   RO         3802    i.RTC_ReadAlarmCounter  stm32f1xx_hal_rtc.o
    0x08007b2e   0x08007b2e   0x00000020   Code   RO         3803    i.RTC_ReadTimeCounter  stm32f1xx_hal_rtc.o
    0x08007b4e   0x08007b4e   0x00000002   PAD
    0x08007b50   0x08007b50   0x00000040   Code   RO         1115    i.RTC_SetCounter    clock.o
    0x08007b90   0x08007b90   0x00000056   Code   RO         3804    i.RTC_WeekDayNum    stm32f1xx_hal_rtc.o
    0x08007be6   0x08007be6   0x00000028   Code   RO         3805    i.RTC_WriteAlarmCounter  stm32f1xx_hal_rtc.o
    0x08007c0e   0x08007c0e   0x00000028   Code   RO         3806    i.RTC_WriteTimeCounter  stm32f1xx_hal_rtc.o
    0x08007c36   0x08007c36   0x00000002   PAD
    0x08007c38   0x08007c38   0x00000010   Code   RO          807    i.ResetState        app_setting.o
    0x08007c48   0x08007c48   0x00000034   Code   RO         4101    i.SPI_EndRxTxTransaction  stm32f1xx_hal_spi.o
    0x08007c7c   0x08007c7c   0x000000b8   Code   RO         4106    i.SPI_WaitFlagStateUntilTimeout  stm32f1xx_hal_spi.o
    0x08007d34   0x08007d34   0x00000002   Code   RO          473    i.SVC_Handler       stm32f1xx_it.o
    0x08007d36   0x08007d36   0x00000002   PAD
    0x08007d38   0x08007d38   0x00000068   Code   RO          601    i.Show_Barrier      app_dino.o
    0x08007da0   0x08007da0   0x0000001c   Code   RO          602    i.Show_Cloud        app_dino.o
    0x08007dbc   0x08007dbc   0x00000088   Code   RO          603    i.Show_Dino         app_dino.o
    0x08007e44   0x08007e44   0x00000060   Code   RO          604    i.Show_Ground       app_dino.o
    0x08007ea4   0x08007ea4   0x00000030   Code   RO          605    i.Show_Score        app_dino.o
    0x08007ed4   0x08007ed4   0x00000034   Code   RO          955    i.SpawnBlock        game.o
    0x08007f08   0x08007f08   0x00000004   Code   RO          474    i.SysTick_Handler   stm32f1xx_it.o
    0x08007f0c   0x08007f0c   0x00000086   Code   RO           14    i.SystemClock_Config  main.o
    0x08007f92   0x08007f92   0x00000002   Code   RO         4738    i.SystemInit        system_stm32f1xx.o
    0x08007f94   0x08007f94   0x0000005c   Code   RO         2010    i.System_Params_Init  sys_param.o
    0x08007ff0   0x08007ff0   0x00000030   Code   RO         2011    i.System_Params_Save  sys_param.o
    0x08008020   0x08008020   0x00000038   Code   RO          893    i.Tools_CheckAlarm  app_timer.o
    0x08008058   0x08008058   0x00000010   Code   RO          894    i.Tools_SetAlarm    app_timer.o
    0x08008068   0x08008068   0x00000010   Code   RO         4417    i.UART_DMAAbortOnError  stm32f1xx_hal_uart.o
    0x08008078   0x08008078   0x0000004e   Code   RO         4427    i.UART_EndRxTransfer  stm32f1xx_hal_uart.o
    0x080080c6   0x080080c6   0x000000c2   Code   RO         4429    i.UART_Receive_IT   stm32f1xx_hal_uart.o
    0x08008188   0x08008188   0x000000b8   Code   RO         4430    i.UART_SetConfig    stm32f1xx_hal_uart.o
    0x08008240   0x08008240   0x00000072   Code   RO         4433    i.UART_WaitOnFlagUntilTimeout  stm32f1xx_hal_uart.o
    0x080082b2   0x080082b2   0x00000002   PAD
    0x080082b4   0x080082b4   0x0000000c   Code   RO          475    i.USART2_IRQHandler  stm32f1xx_it.o
    0x080082c0   0x080082c0   0x00000074   Code   RO          606    i.Update_Physics    app_dino.o
    0x08008334   0x08008334   0x00000002   Code   RO          476    i.UsageFault_Handler  stm32f1xx_it.o
    0x08008336   0x08008336   0x00000002   PAD
    0x08008338   0x08008338   0x0000004c   Code   RO         1880    i.W25Q_Erase_Sector  w25qxx.o
    0x08008384   0x08008384   0x00000010   Code   RO         1881    i.W25Q_Init         w25qxx.o
    0x08008394   0x08008394   0x00000058   Code   RO         1882    i.W25Q_Read         w25qxx.o
    0x080083ec   0x080083ec   0x00000020   Code   RO         1884    i.W25Q_SPI_SwapByte  w25qxx.o
    0x0800840c   0x0800840c   0x00000030   Code   RO         1885    i.W25Q_Wait_Busy    w25qxx.o
    0x0800843c   0x0800843c   0x00000028   Code   RO         1886    i.W25Q_Write_Enable  w25qxx.o
    0x08008464   0x08008464   0x0000003c   Code   RO         1887    i.W25Q_Write_NoCheck  w25qxx.o
    0x080084a0   0x080084a0   0x0000005c   Code   RO         1888    i.W25Q_Write_Page   w25qxx.o
    0x080084fc   0x080084fc   0x00000028   Code   RO         5058    i.__ARM_fpclassify  m_ws.l(fpclassify.o)
    0x08008524   0x08008524   0x00000026   Code   RO         5060    i.__ARM_fpclassifyf  m_ws.l(fpclassifyf.o)
    0x0800854a   0x0800854a   0x00000020   Code   RO         2856    i.__NVIC_SetPriority  stm32f1xx_hal_cortex.o
    0x0800856a   0x0800856a   0x000000aa   Code   RO         5076    i.__kernel_poly     m_ws.l(poly.o)
    0x08008614   0x08008614   0x00000006   Code   RO         5045    i.__mathlib_dbl_infnan  m_ws.l(dunder.o)
    0x0800861a   0x0800861a   0x00000004   Code   RO         5046    i.__mathlib_dbl_infnan2  m_ws.l(dunder.o)
    0x0800861e   0x0800861e   0x00000002   PAD
    0x08008620   0x08008620   0x00000010   Code   RO         5050    i.__mathlib_dbl_underflow  m_ws.l(dunder.o)
    0x08008630   0x08008630   0x00000006   Code   RO         5063    i.__mathlib_flt_infnan  m_ws.l(funder.o)
    0x08008636   0x08008636   0x00000008   Code   RO         5065    i.__mathlib_flt_invalid  m_ws.l(funder.o)
    0x0800863e   0x0800863e   0x0000000a   Code   RO         5068    i.__mathlib_flt_underflow  m_ws.l(funder.o)
    0x08008648   0x08008648   0x00000168   Code   RO         5079    i.__mathlib_rredf2  m_ws.l(rredf.o)
    0x080087b0   0x080087b0   0x0000000e   Code   RO         4817    i._is_digit         c_w.l(__printf_wp.o)
    0x080087be   0x080087be   0x00000002   PAD
    0x080087c0   0x080087c0   0x00000220   Code   RO         4918    i.atan              m_ws.l(atan.o)
    0x080089e0   0x080089e0   0x00000180   Code   RO         4928    i.atan2             m_ws.l(atan2.o)
    0x08008b60   0x08008b60   0x0000007c   Code   RO           15    i.main              main.o
    0x08008bdc   0x08008bdc   0x00000188   Code   RO         4936    i.sinf              m_ws.l(sinf.o)
    0x08008d64   0x08008d64   0x0000004c   Code   RO         4944    i.sqrt              m_ws.l(sqrt.o)
    0x08008db0   0x08008db0   0x0000002c   Code   RO         4952    i.sqrtf             m_ws.l(sqrtf.o)
    0x08008ddc   0x08008ddc   0x0000002c   Code   RO         5139    locale$$code        c_w.l(lc_numeric_c.o)
    0x08008e08   0x08008e08   0x00000062   Code   RO         4859    x$fpl$d2f           fz_ws.l(d2f.o)
    0x08008e6a   0x08008e6a   0x00000002   PAD
    0x08008e6c   0x08008e6c   0x00000150   Code   RO         4861    x$fpl$dadd          fz_ws.l(daddsub_clz.o)
    0x08008fbc   0x08008fbc   0x00000010   Code   RO         5021    x$fpl$dcheck1       fz_ws.l(dcheck1.o)
    0x08008fcc   0x08008fcc   0x00000018   Code   RO         5023    x$fpl$dcmpinf       fz_ws.l(dcmpi.o)
    0x08008fe4   0x08008fe4   0x000002b0   Code   RO         4868    x$fpl$ddiv          fz_ws.l(ddiv.o)
    0x08009294   0x08009294   0x00000078   Code   RO         4871    x$fpl$deqf          fz_ws.l(deqf.o)
    0x0800930c   0x0800930c   0x0000002e   Code   RO         4878    x$fpl$dflt          fz_ws.l(dflt_clz.o)
    0x0800933a   0x0800933a   0x00000026   Code   RO         4877    x$fpl$dfltu         fz_ws.l(dflt_clz.o)
    0x08009360   0x08009360   0x00000078   Code   RO         4883    x$fpl$dleqf         fz_ws.l(dleqf.o)
    0x080093d8   0x080093d8   0x00000154   Code   RO         4885    x$fpl$dmul          fz_ws.l(dmul.o)
    0x0800952c   0x0800952c   0x0000009c   Code   RO         5025    x$fpl$dnaninf       fz_ws.l(dnaninf.o)
    0x080095c8   0x080095c8   0x0000000c   Code   RO         5027    x$fpl$dretinf       fz_ws.l(dretinf.o)
    0x080095d4   0x080095d4   0x0000006c   Code   RO         4887    x$fpl$drleqf        fz_ws.l(drleqf.o)
    0x08009640   0x08009640   0x00000016   Code   RO         4862    x$fpl$drsb          fz_ws.l(daddsub_clz.o)
    0x08009656   0x08009656   0x00000002   PAD
    0x08009658   0x08009658   0x000001cc   Code   RO         5029    x$fpl$dsqrt         fz_ws.l(dsqrt_noumaal.o)
    0x08009824   0x08009824   0x000001d4   Code   RO         4863    x$fpl$dsub          fz_ws.l(daddsub_clz.o)
    0x080099f8   0x080099f8   0x00000056   Code   RO         4889    x$fpl$f2d           fz_ws.l(f2d.o)
    0x08009a4e   0x08009a4e   0x00000002   PAD
    0x08009a50   0x08009a50   0x000000c4   Code   RO         4891    x$fpl$fadd          fz_ws.l(faddsub_clz.o)
    0x08009b14   0x08009b14   0x0000000c   Code   RO         5170    x$fpl$fcheck1       fz_ws.l(fcheck1.o)
    0x08009b20   0x08009b20   0x00000184   Code   RO         4898    x$fpl$fdiv          fz_ws.l(fdiv.o)
    0x08009ca4   0x08009ca4   0x00000036   Code   RO         5031    x$fpl$ffix          fz_ws.l(ffix.o)
    0x08009cda   0x08009cda   0x00000002   PAD
    0x08009cdc   0x08009cdc   0x0000003e   Code   RO         4901    x$fpl$ffixu         fz_ws.l(ffixu.o)
    0x08009d1a   0x08009d1a   0x00000002   PAD
    0x08009d1c   0x08009d1c   0x00000030   Code   RO         4906    x$fpl$fflt          fz_ws.l(fflt_clz.o)
    0x08009d4c   0x08009d4c   0x00000026   Code   RO         4905    x$fpl$ffltu         fz_ws.l(fflt_clz.o)
    0x08009d72   0x08009d72   0x00000002   PAD
    0x08009d74   0x08009d74   0x00000102   Code   RO         4911    x$fpl$fmul          fz_ws.l(fmul.o)
    0x08009e76   0x08009e76   0x0000008c   Code   RO         5035    x$fpl$fnaninf       fz_ws.l(fnaninf.o)
    0x08009f02   0x08009f02   0x0000000a   Code   RO         5037    x$fpl$fretinf       fz_ws.l(fretinf.o)
    0x08009f0c   0x08009f0c   0x00000060   Code   RO         5039    x$fpl$frnd          fz_ws.l(frnd.o)
    0x08009f6c   0x08009f6c   0x00000014   Code   RO         4892    x$fpl$frsb          fz_ws.l(faddsub_clz.o)
    0x08009f80   0x08009f80   0x00000110   Code   RO         5041    x$fpl$fsqrt         fz_ws.l(fsqrt.o)
    0x0800a090   0x0800a090   0x000000ea   Code   RO         4893    x$fpl$fsub          fz_ws.l(faddsub_clz.o)
    0x0800a17a   0x0800a17a   0x00000004   Code   RO         4913    x$fpl$printf1       fz_ws.l(printf1.o)
    0x0800a17e   0x0800a17e   0x00000064   Code   RO         5147    x$fpl$retnan        fz_ws.l(retnan.o)
    0x0800a1e2   0x0800a1e2   0x0000005c   Code   RO         4915    x$fpl$scalbn        fz_ws.l(scalbn.o)
    0x0800a23e   0x0800a23e   0x0000004c   Code   RO         5149    x$fpl$scalbnf       fz_ws.l(scalbnf.o)
    0x0800a28a   0x0800a28a   0x00000030   Code   RO         5172    x$fpl$trapveneer    fz_ws.l(trapv.o)
    0x0800a2ba   0x0800a2ba   0x00000000   Code   RO         5043    x$fpl$usenofp       fz_ws.l(usenofp.o)
    0x0800a2ba   0x0800a2ba   0x00000002   PAD
    0x0800a2bc   0x0800a2bc   0x00000138   Data   RO          607    .constdata          app_dino.o
    0x0800a3f4   0x0800a3f4   0x00000090   Data   RO          608    .constdata          app_dino.o
    0x0800a484   0x0800a484   0x00000010   Data   RO          609    .constdata          app_dino.o
    0x0800a494   0x0800a494   0x00000090   Data   RO          610    .constdata          app_dino.o
    0x0800a524   0x0800a524   0x00000018   Data   RO          765    .constdata          app_mp3.o
    0x0800a53c   0x0800a53c   0x00000020   Data   RO          766    .constdata          app_mp3.o
    0x0800a55c   0x0800a55c   0x00000036   Data   RO          767    .constdata          app_mp3.o
    0x0800a592   0x0800a592   0x00000036   Data   RO          768    .constdata          app_mp3.o
    0x0800a5c8   0x0800a5c8   0x00000033   Data   RO          769    .constdata          app_mp3.o
    0x0800a5fb   0x0800a5fb   0x00000001   PAD
    0x0800a5fc   0x0800a5fc   0x00000028   Data   RO          808    .constdata          app_setting.o
    0x0800a624   0x0800a624   0x00000044   Data   RO          957    .constdata          game.o
    0x0800a668   0x0800a668   0x00000030   Data   RO         1294    .constdata          menu_data.o
    0x0800a698   0x0800a698   0x00000060   Data   RO         1295    .constdata          menu_data.o
    0x0800a6f8   0x0800a6f8   0x00000030   Data   RO         1296    .constdata          menu_data.o
    0x0800a728   0x0800a728   0x00000030   Data   RO         1297    .constdata          menu_data.o
    0x0800a758   0x0800a758   0x00000080   Data   RO         1298    .constdata          menu_data.o
    0x0800a7d8   0x0800a7d8   0x00000030   Data   RO         1299    .constdata          menu_data.o
    0x0800a808   0x0800a808   0x00000030   Data   RO         1300    .constdata          menu_data.o
    0x0800a838   0x0800a838   0x00000228   Data   RO         1418    .constdata          font.o
    0x0800aa60   0x0800aa60   0x00000008   Data   RO         1419    .constdata          font.o
    0x0800aa68   0x0800aa68   0x00000474   Data   RO         1420    .constdata          font.o
    0x0800aedc   0x0800aedc   0x00000008   Data   RO         1421    .constdata          font.o
    0x0800aee4   0x0800aee4   0x000005f0   Data   RO         1422    .constdata          font.o
    0x0800b4d4   0x0800b4d4   0x00000008   Data   RO         1423    .constdata          font.o
    0x0800b4dc   0x0800b4dc   0x00000d5c   Data   RO         1424    .constdata          font.o
    0x0800c238   0x0800c238   0x00000008   Data   RO         1425    .constdata          font.o
    0x0800c240   0x0800c240   0x000000c8   Data   RO         1432    .constdata          font.o
    0x0800c308   0x0800c308   0x00000008   Data   RO         1433    .constdata          font.o
    0x0800c310   0x0800c310   0x000000c8   Data   RO         1434    .constdata          font.o
    0x0800c3d8   0x0800c3d8   0x00000008   Data   RO         1435    .constdata          font.o
    0x0800c3e0   0x0800c3e0   0x000000c8   Data   RO         1436    .constdata          font.o
    0x0800c4a8   0x0800c4a8   0x00000008   Data   RO         1437    .constdata          font.o
    0x0800c4b0   0x0800c4b0   0x000000c8   Data   RO         1438    .constdata          font.o
    0x0800c578   0x0800c578   0x00000008   Data   RO         1439    .constdata          font.o
    0x0800c580   0x0800c580   0x000000c8   Data   RO         1440    .constdata          font.o
    0x0800c648   0x0800c648   0x00000008   Data   RO         1441    .constdata          font.o
    0x0800c650   0x0800c650   0x000000c8   Data   RO         1442    .constdata          font.o
    0x0800c718   0x0800c718   0x00000008   Data   RO         1443    .constdata          font.o
    0x0800c720   0x0800c720   0x000000c8   Data   RO         1444    .constdata          font.o
    0x0800c7e8   0x0800c7e8   0x00000008   Data   RO         1445    .constdata          font.o
    0x0800c7f0   0x0800c7f0   0x00000400   Data   RO         1446    .constdata          font.o
    0x0800cbf0   0x0800cbf0   0x00000008   Data   RO         1447    .constdata          font.o
    0x0800cbf8   0x0800cbf8   0x00000400   Data   RO         1448    .constdata          font.o
    0x0800cff8   0x0800cff8   0x00000008   Data   RO         1449    .constdata          font.o
    0x0800d000   0x0800d000   0x000000c8   Data   RO         1450    .constdata          font.o
    0x0800d0c8   0x0800d0c8   0x00000008   Data   RO         1451    .constdata          font.o
    0x0800d0d0   0x0800d0d0   0x00000012   Data   RO         2554    .constdata          stm32f1xx_hal_rcc.o
    0x0800d0e2   0x0800d0e2   0x00000012   Data   RO         2646    .constdata          stm32f1xx_hal_rcc_ex.o
    0x0800d0f4   0x0800d0f4   0x00000010   Data   RO         4739    .constdata          system_stm32f1xx.o
    0x0800d104   0x0800d104   0x00000008   Data   RO         4740    .constdata          system_stm32f1xx.o
    0x0800d10c   0x0800d10c   0x00000011   Data   RO         4825    .constdata          c_w.l(__printf_flags_ss_wp.o)
    0x0800d11d   0x0800d11d   0x00000003   PAD
    0x0800d120   0x0800d120   0x00000098   Data   RO         4919    .constdata          m_ws.l(atan.o)
    0x0800d1b8   0x0800d1b8   0x0000000c   Data   RO         4973    .constdata          c_w.l(_monlen.o)
    0x0800d1c4   0x0800d1c4   0x00000004   PAD
    0x0800d1c8   0x0800d1c8   0x00000008   Data   RO         5078    .constdata          m_ws.l(qnan.o)
    0x0800d1d0   0x0800d1d0   0x00000020   Data   RO         5080    .constdata          m_ws.l(rredf.o)
    0x0800d1f0   0x0800d1f0   0x00000094   Data   RO         5114    .constdata          c_w.l(bigflt0.o)
    0x0800d284   0x0800d284   0x0000003e   Data   RO          809    .conststring        app_setting.o
    0x0800d2c2   0x0800d2c2   0x00000002   PAD
    0x0800d2c4   0x0800d2c4   0x0000002e   Data   RO          958    .conststring        game.o
    0x0800d2f2   0x0800d2f2   0x00000002   PAD
    0x0800d2f4   0x0800d2f4   0x0000001d   Data   RO         1117    .conststring        clock.o
    0x0800d311   0x0800d311   0x00000003   PAD
    0x0800d314   0x0800d314   0x0000001b   Data   RO         1301    .conststring        menu_data.o
    0x0800d32f   0x0800d32f   0x00000001   PAD
    0x0800d330   0x0800d330   0x00000006   Data   RO         1302    .conststring        menu_data.o
    0x0800d336   0x0800d336   0x00000002   PAD
    0x0800d338   0x0800d338   0x00000033   Data   RO         1303    .conststring        menu_data.o
    0x0800d36b   0x0800d36b   0x00000001   PAD
    0x0800d36c   0x0800d36c   0x00000009   Data   RO         1304    .conststring        menu_data.o
    0x0800d375   0x0800d375   0x00000003   PAD
    0x0800d378   0x0800d378   0x0000000d   Data   RO         1305    .conststring        menu_data.o
    0x0800d385   0x0800d385   0x00000003   PAD
    0x0800d388   0x0800d388   0x0000000a   Data   RO         1306    .conststring        menu_data.o
    0x0800d392   0x0800d392   0x00000002   PAD
    0x0800d394   0x0800d394   0x00000012   Data   RO         1307    .conststring        menu_data.o
    0x0800d3a6   0x0800d3a6   0x00000002   PAD
    0x0800d3a8   0x0800d3a8   0x0000000a   Data   RO         1308    .conststring        menu_data.o
    0x0800d3b2   0x0800d3b2   0x00000002   PAD
    0x0800d3b4   0x0800d3b4   0x0000003d   Data   RO         1309    .conststring        menu_data.o
    0x0800d3f1   0x0800d3f1   0x00000003   PAD
    0x0800d3f4   0x0800d3f4   0x0000000d   Data   RO         1310    .conststring        menu_data.o
    0x0800d401   0x0800d401   0x00000003   PAD
    0x0800d404   0x0800d404   0x0000000a   Data   RO         1311    .conststring        menu_data.o
    0x0800d40e   0x0800d40e   0x00000002   PAD
    0x0800d410   0x0800d410   0x0000000c   Data   RO         1312    .conststring        menu_data.o
    0x0800d41c   0x0800d41c   0x00000007   Data   RO         1313    .conststring        menu_data.o
    0x0800d423   0x0800d423   0x00000001   PAD
    0x0800d424   0x0800d424   0x0000000a   Data   RO         1314    .conststring        menu_data.o
    0x0800d42e   0x0800d42e   0x00000002   PAD
    0x0800d430   0x0800d430   0x00000020   Data   RO         5245    Region$$Table       anon$$obj.o
    0x0800d450   0x0800d450   0x0000001c   Data   RO         5138    locale$$data        c_w.l(lc_numeric_c.o)


    Execution Region RW_IRAM1 (Exec base: 0x20000000, Load base: 0x0800d46c, Size: 0x00001318, Max: 0x00005000, ABSOLUTE, COMPRESSED[0x000000a0])

    Exec Addr    Load Addr    Size         Type   Attr      Idx    E Section Name        Object

    0x20000000   COMPRESSED   0x00000004   Data   RW           17    .data               main.o
    0x20000004   COMPRESSED   0x00000001   Data   RW          575    .data               app_adout.o
    0x20000005   COMPRESSED   0x00000003   PAD
    0x20000008   COMPRESSED   0x0000001c   Data   RW          611    .data               app_dino.o
    0x20000024   COMPRESSED   0x00000002   Data   RW          677    .data               app_flashlight.o
    0x20000026   COMPRESSED   0x00000004   Data   RW          734    .data               app_message.o
    0x2000002a   COMPRESSED   0x00000006   Data   RW          770    .data               app_mp3.o
    0x20000030   COMPRESSED   0x00000018   Data   RW          810    .data               app_setting.o
    0x20000048   COMPRESSED   0x0000001c   Data   RW          896    .data               app_timer.o
    0x20000064   COMPRESSED   0x00000014   Data   RW          959    .data               game.o
    0x20000078   COMPRESSED   0x0000000c   Data   RW         1049    .data               app_power.o
    0x20000084   COMPRESSED   0x00000028   Data   RW         1118    .data               clock.o
    0x200000ac   COMPRESSED   0x00000008   Data   RW         1220    .data               menu_core.o
    0x200000b4   COMPRESSED   0x00000014   Data   RW         1315    .data               menu_data.o
    0x200000c8   COMPRESSED   0x00000014   Data   RW         1316    .data               menu_data.o
    0x200000dc   COMPRESSED   0x00000014   Data   RW         1317    .data               menu_data.o
    0x200000f0   COMPRESSED   0x00000014   Data   RW         1318    .data               menu_data.o
    0x20000104   COMPRESSED   0x0000001c   Data   RW         1319    .data               menu_data.o
    0x20000120   COMPRESSED   0x00000014   Data   RW         1320    .data               menu_data.o
    0x20000134   COMPRESSED   0x00000014   Data   RW         1321    .data               menu_data.o
    0x20000148   COMPRESSED   0x00000005   Data   RW         1468    .data               key.o
    0x2000014d   COMPRESSED   0x00000001   PAD
    0x2000014e   COMPRESSED   0x00000004   Data   RW         1516    .data               mp3_player.o
    0x20000152   COMPRESSED   0x00000006   PAD
    0x20000158   COMPRESSED   0x00000098   Data   RW         1635    .data               mpu6050.o
    0x200001f0   COMPRESSED   0x00000008   Data   RW         1711    .data               oled.o
    0x200001f8   COMPRESSED   0x0000000c   Data   RW         2391    .data               stm32f1xx_hal.o
    0x20000204   COMPRESSED   0x00000004   Data   RW         4741    .data               system_stm32f1xx.o
    0x20000208        -       0x00000030   Zero   RW          254    .bss                adc.o
    0x20000238        -       0x000000a8   Zero   RW          297    .bss                i2c.o
    0x200002e0        -       0x00000014   Zero   RW          344    .bss                rtc.o
    0x200002f4        -       0x00000058   Zero   RW          386    .bss                spi.o
    0x2000034c        -       0x00000048   Zero   RW          428    .bss                usart.o
    0x20000394        -       0x00000200   Zero   RW          574    .bss                app_adout.o
    0x20000594        -       0x0000000c   Zero   RW          895    .bss                app_timer.o
    0x200005a0        -       0x000000b4   Zero   RW          956    .bss                game.o
    0x20000654        -       0x00000021   Zero   RW         1116    .bss                clock.o
    0x20000675   COMPRESSED   0x00000003   PAD
    0x20000678        -       0x00000014   Zero   RW         1219    .bss                menu_core.o
    0x2000068c   COMPRESSED   0x00000004   PAD
    0x20000690        -       0x00000060   Zero   RW         1632    .bss                mpu6050.o
    0x200006f0        -       0x000004a1   Zero   RW         1710    .bss                oled.o
    0x20000b91   COMPRESSED   0x00000003   PAD
    0x20000b94        -       0x00000014   Zero   RW         2012    .bss                sys_param.o
    0x20000ba8        -       0x000000e4   Zero   RW         4833    .bss                c_w.l(rand.o)
    0x20000c8c        -       0x0000002c   Zero   RW         4851    .bss                c_w.l(localtime.o)
    0x20000cb8        -       0x00000060   Zero   RW         5152    .bss                c_w.l(libspace.o)
    0x20000d18        -       0x00000200   Zero   RW            2    HEAP                startup_stm32f103xb.o
    0x20000f18        -       0x00000400   Zero   RW            1    STACK               startup_stm32f103xb.o


==============================================================================

Image component sizes


      Code (inc. data)   RO Data    RW Data    ZI Data      Debug   Object Name

       168         22          0          0         48       1537   adc.o
       264         42          0          1        512        865   app_adout.o
       988        120        616         28          0       5972   app_dino.o
       284         30          0          2          0        997   app_flashlight.o
       224          4          0          0          0       1366   app_gradienter.o
       320         32          0          4          0       1979   app_message.o
       720         64        215          6          0       2577   app_mp3.o
       328         38          0         12          0       4281   app_power.o
      2412        422        102         24          0       7683   app_setting.o
      1260        190          0         28         12       5140   app_timer.o
       118         10          0          0          0       1544   battery.o
       536         90         29         40         33       7703   clock.o
         0          0      10392          0          0       2492   font.o
      1532        118        114         20        180       9324   game.o
       252         14          0          0          0        955   gpio.o
       296         48          0          0        168       2170   i2c.o
       136         14          0          5          0       1590   key.o
       262          8          0          4          0     436389   main.o
      1468        120          0          8         20       7226   menu_core.o
       552         58        721        148          0       3935   menu_data.o
       542         84          0          4          0       8004   mp3_player.o
      1276         74          0        152         96       4287   mpu6050.o
      2052         54          0          8       1185      16305   oled.o
       188         22          0          0         20       1511   rtc.o
       184         24          0          0         88       1561   spi.o
        64         26        236          0       1536        784   startup_stm32f103xb.o
       164         28          0         12          0       5685   stm32f1xx_hal.o
      1312         54          0          0          0       6983   stm32f1xx_hal_adc.o
       198         14          0          0          0      28779   stm32f1xx_hal_cortex.o
       222          4          0          0          0       1687   stm32f1xx_hal_dma.o
       500         34          0          0          0       3407   stm32f1xx_hal_gpio.o
      2838         72          0          0          0      14620   stm32f1xx_hal_i2c.o
        60          8          0          0          0        822   stm32f1xx_hal_msp.o
        12          4          0          0          0        487   stm32f1xx_hal_pwr.o
      1240         84         18          0          0       4948   stm32f1xx_hal_rcc.o
       400         28         18          0          0       2389   stm32f1xx_hal_rcc_ex.o
       910         12          0          0          0       9032   stm32f1xx_hal_rtc.o
        32         10          0          0          0       1551   stm32f1xx_hal_rtc_ex.o
       910          4          0          0          0       4533   stm32f1xx_hal_spi.o
      1650         10          0          0          0      10831   stm32f1xx_hal_uart.o
        32          6          0          0          0       4034   stm32f1xx_it.o
       214         28          0          0         20       3309   sys_param.o
         2          0         24          4          0       1035   system_stm32f1xx.o
       184         22          0          0         72       1574   usart.o
       452         38          0          0          0       4782   w25qxx.o

    ----------------------------------------------------------------------
     27808       2188      12552        520       4000     648665   Object Totals
         0          0         32          0          0          0   (incl. Generated)
        50          0         35         10         10          0   (incl. Padding)

    ----------------------------------------------------------------------

      Code (inc. data)   RO Data    RW Data    ZI Data      Debug   Library Member Name

        90          0          0          0          0          0   __dczerorl2.o
         8          0          0          0          0         68   __main.o
       392          4         17          0          0         92   __printf_flags_ss_wp.o
        14          0          0          0          0         68   __printf_wp.o
         0          0          0          0          0          0   __rtentry.o
        12          0          0          0          0          0   __rtentry2.o
         6          0          0          0          0          0   __rtentry4.o
        52          8          0          0          0          0   __scatter.o
        28          0          0          0          0          0   __scatter_zi.o
         0          0         12          0          0          0   _monlen.o
        48          6          0          0          0         96   _printf_char_common.o
         6          0          0          0          0          0   _printf_d.o
       120         16          0          0          0         92   _printf_dec.o
         6          0          0          0          0          0   _printf_f.o
      1054          0          0          0          0        216   _printf_fp_dec.o
       128         16          0          0          0         84   _printf_fp_infnan.o
       178          0          0          0          0         88   _printf_intcommon.o
        78          0          0          0          0        108   _printf_pad.o
         0          0          0          0          0          0   _printf_percent.o
         4          0          0          0          0          0   _printf_percent_end.o
        22          0          0          0          0        100   _rserrno.o
        10          0          0          0          0         68   _sputc.o
       228          4        148          0          0         96   bigflt0.o
      1936        128          0          0          0        672   btod.o
        18          0          0          0          0         80   exit.o
         6          0          0          0          0        152   heapauxi.o
         0          0          0          0          0          0   indicate_semi.o
        44         10         28          0          0         76   lc_numeric_c.o
         2          0          0          0          0          0   libinit.o
        22          0          0          0          0          0   libinit2.o
         2          0          0          0          0          0   libshutdown.o
         2          0          0          0          0          0   libshutdown2.o
         8          4          0          0         96         68   libspace.o
       138          0          0          0          0         80   lludiv10.o
        12          6          0          0         44         68   localtime.o
       184          6          0          0          0         80   localtime_internal.o
       428         10          0          0          0        116   mktime.o
        40          6          0          0          0         84   noretval__2sprintf.o
       112         18          0          0        228        160   rand.o
         8          4          0          0          0         68   rt_errno_addr_intlibspace.o
         8          4          0          0          0         68   rt_locale_intlibspace.o
        68          0          0          0          0         68   rt_memclr.o
        78          0          0          0          0         80   rt_memclr_w.o
       138          0          0          0          0         68   rt_memcpy_v6.o
       100          0          0          0          0         80   rt_memcpy_w.o
         2          0          0          0          0          0   rtexit.o
        10          0          0          0          0          0   rtexit2.o
       128          0          0          0          0         68   strcmpv7m.o
        72          0          0          0          0         80   strcpy.o
        62          0          0          0          0         76   strlen.o
        12          4          0          0          0         68   sys_exit.o
        74          0          0          0          0         80   sys_stackheap_outer.o
         2          0          0          0          0         68   use_no_semi.o
        98          4          0          0          0         92   d2f.o
       826         16          0          0          0        348   daddsub_clz.o
        16          4          0          0          0         68   dcheck1.o
        24          0          0          0          0         68   dcmpi.o
       688        140          0          0          0        208   ddiv.o
       120          4          0          0          0         92   deqf.o
        84          0          0          0          0        136   dflt_clz.o
       120          4          0          0          0         92   dleqf.o
       340         12          0          0          0        104   dmul.o
       156          4          0          0          0         92   dnaninf.o
        12          0          0          0          0         68   dretinf.o
       108          0          0          0          0         80   drleqf.o
       460         56          0          0          0        120   dsqrt_noumaal.o
        86          4          0          0          0         84   f2d.o
       450          8          0          0          0        236   faddsub_clz.o
        12          4          0          0          0         68   fcheck1.o
       388         76          0          0          0         96   fdiv.o
        54          4          0          0          0         84   ffix.o
        62          4          0          0          0         84   ffixu.o
        86          0          0          0          0        136   fflt_clz.o
       258          4          0          0          0         84   fmul.o
       140          4          0          0          0         84   fnaninf.o
        10          0          0          0          0         68   fretinf.o
        96          4          0          0          0         76   frnd.o
       272        100          0          0          0         88   fsqrt.o
         4          0          0          0          0         68   printf1.o
       100          0          0          0          0         68   retnan.o
        92          0          0          0          0         68   scalbn.o
        76          0          0          0          0         68   scalbnf.o
        48          0          0          0          0         68   trapv.o
         0          0          0          0          0          0   usenofp.o
       544         70        152          0          0        124   atan.o
       384         38          0          0          0        144   atan2.o
        26          6          0          0          0        204   dunder.o
        40          0          0          0          0         68   fpclassify.o
        38          0          0          0          0         68   fpclassifyf.o
        24          0          0          0          0        204   funder.o
       170          0          0          0          0         96   poly.o
         0          0          8          0          0          0   qnan.o
       360         16         32          0          0         88   rredf.o
       392         54          0          0          0        124   sinf.o
        76          0          0          0          0         84   sqrt.o
        44          0          0          0          0         80   sqrtf.o

    ----------------------------------------------------------------------
     13616        894        404          0        368       8064   Library Totals
        32          0          7          0          0          0   (incl. Padding)

    ----------------------------------------------------------------------

      Code (inc. data)   RO Data    RW Data    ZI Data      Debug   Library Name

      6200        254        205          0        368       3684   c_w.l
      5286        456          0          0          0       3096   fz_ws.l
      2098        184        192          0          0       1284   m_ws.l

    ----------------------------------------------------------------------
     13616        894        404          0        368       8064   Library Totals

    ----------------------------------------------------------------------

==============================================================================


      Code (inc. data)   RO Data    RW Data    ZI Data      Debug   

     41424       3082      12956        520       4368     640293   Grand Totals
     41424       3082      12956        160       4368     640293   ELF Image Totals (compressed)
     41424       3082      12956        160          0          0   ROM Totals

==============================================================================

    Total RO  Size (Code + RO Data)                54380 (  53.11kB)
    Total RW  Size (RW Data + ZI Data)              4888 (   4.77kB)
    Total ROM Size (Code + RO Data + RW Data)      54540 (  53.26kB)

==============================================================================

